<html>
<body>
<pre>
<h1>µVision Build Log</h1>
<h2>Tool Versions:</h2>
IDE-Version: µVision V5.28.0.0
Copyright (C) 2019 ARM Ltd and ARM Germany GmbH. All rights reserved.
License Information: Muhammad Noor ul haq, Dreamers, LIC=----
 
Tool Versions:
Toolchain:       MDK-Lite  Version: 5.28.0.0
Toolchain Path:  C:\Keil_v5\ARM\ARMCC\Bin
C Compiler:      Armcc.exe V5.06 update 6 (build 750)
Assembler:       Armasm.exe V5.06 update 6 (build 750)
Linker/Locator:  ArmLink.exe V5.06 update 6 (build 750)
Library Manager: ArmAr.exe V5.06 update 6 (build 750)
Hex Converter:   FromElf.exe V5.06 update 6 (build 750)
CPU DLL:         SARMCM3.DLL V5.28.0.0
Dialog DLL:      DCM.DLL V1.17.3.0
Target DLL:      lmidk-agdi.dll V???
Dialog DLL:      TCM.DLL V1.36.2.0
 
<h2>Project:</h2>
C:\Users\noorh\Desktop\Drone\TIVA\Quad_1\src\Drone.uvprojx
Project File Date:  07/07/2020

<h2>Output:</h2>
*** Using Compiler 'V5.06 update 6 (build 750)', folder: 'C:\Keil_v5\ARM\ARMCC\Bin'
Rebuild target 'Target 1'
compiling mpu.c...
compiling mat.c...
compiling time.c...
compiling sonar.c...
compiling pid.c...
compiling rx.c...
compiling buzzer.c...
compiling uart_1.c...
uart_1.c(31): warning:  #223-D: function "UARTStdioConfig" declared implicitly
  	UARTStdioConfig(0, 9600, 16000000);
uart_1.c: 1 warning, 0 errors
compiling Lights.c...
compiling pwm_1.c...
compiling main.c...
compiling adc.c...
compiling aes.c...
compiling comp.c...
compiling can.c...
compiling crc.c...
compiling i2c_1.c...
compiling cpu.c...
compiling des.c...
compiling eeprom.c...
compiling fpu.c...
compiling flash.c...
compiling emac.c...
compiling epi.c...
compiling gpio.c...
compiling interrupt.c...
compiling hibernate.c...
compiling lcd.c...
compiling qei.c...
compiling onewire.c...
compiling shamd5.c...
compiling ssi.c...
compiling sw_crc.c...
compiling sysexc.c...
compiling systick.c...
compiling watchdog.c...
compiling udma.c...
compiling timer.c...
compiling uart.c...
assembling startup_TM4C123.s...
compiling sysctl.c...
compiling i2c.c...
compiling pwm.c...
compiling usb.c...
compiling system_TM4C123.c...
linking...
Program Size: Code=12592 RO-data=2364 RW-data=1644 ZI-data=692  
".\Objects\Drone.axf" - 0 Error(s), 1 Warning(s).

<h2>Software Packages used:</h2>

Package Vendor: ARM
                http://www.keil.com/pack/ARM.CMSIS.5.6.0.pack
                ARM.CMSIS.5.6.0
                CMSIS (Cortex Microcontroller Software Interface Standard)
   * Component: CORE Version: 5.3.0

Package Vendor: Keil
                http://www.keil.com/pack/Keil.TM4C_DFP.1.1.0.pack
                Keil.TM4C_DFP.1.1.0
                Texas Instruments Tiva C Series Device Support and Examples
   * Component: Startup Version: 1.0.1

<h2>Collection of Component include folders:</h2>
  .\RTE\_Target_1
  C:\Users\noorh\AppData\Local\Arm\Packs\ARM\CMSIS\5.6.0\CMSIS\Core\Include
  C:\Users\noorh\AppData\Local\Arm\Packs\Keil\TM4C_DFP\1.1.0\Device\Include\TM4C123

<h2>Collection of Component Files used:</h2>

   * Component: ARM::CMSIS:CORE:5.3.0

   * Component: Keil::Device:Startup:1.0.1
      Source file:   Device\Source\ARM\startup_TM4C123.s
      Include file:  Device\Include\TM4C123\TM4C123.h
      Source file:   Device\Source\system_TM4C123.c
Build Time Elapsed:  00:00:03
</pre>
</body>
</html>
