Component: ARM Compiler 5.06 update 6 (build 750) Tool: armlink [4d35ed]

==============================================================================

Section Cross References

    main.o(i.UARTStdioConfig) refers to sysctl.o(i.SysCtlPeripheralPresent) for SysCtlPeripheralPresent
    main.o(i.UARTStdioConfig) refers to sysctl.o(i.SysCtlPeripheralEnable) for SysCtlPeripheralEnable
    main.o(i.UARTStdioConfig) refers to uart.o(i.UARTConfigSetExpClk) for UARTConfigSetExpClk
    main.o(i.UARTStdioConfig) refers to uart.o(i.UARTEnable) for UARTEnable
    main.o(i.UARTStdioConfig) refers to main.o(.constdata) for .constdata
    main.o(i.UARTStdioConfig) refers to main.o(.data) for .data
    main.o(i.UARTgetc) refers to uart.o(i.UARTCharGet) for UARTCharGet
    main.o(i.UARTgetc) refers to main.o(.data) for .data
    main.o(i.UARTgets) refers to uart.o(i.UARTCharGet) for UARTCharGet
    main.o(i.UARTgets) refers to main.o(i.UARTwrite) for UARTwrite
    main.o(i.UARTgets) refers to uart.o(i.UARTCharPut) for UARTCharPut
    main.o(i.UARTgets) refers to main.o(.data) for .data
    main.o(i.UARTprintf) refers to main.o(i.UARTvprintf) for UARTvprintf
    main.o(i.UARTvprintf) refers to main.o(i.UARTwrite) for UARTwrite
    main.o(i.UARTvprintf) refers to main.o(.constdata) for .constdata
    main.o(i.UARTwrite) refers to uart.o(i.UARTCharPut) for UARTCharPut
    main.o(i.UARTwrite) refers to main.o(.data) for .data
    main.o(i.main) refers to sysctl.o(i.SysCtlClockSet) for SysCtlClockSet
    main.o(i.main) refers to sysctl.o(i.SysCtlPeripheralEnable) for SysCtlPeripheralEnable
    main.o(i.main) refers to gpio.o(i.GPIOPinTypeGPIOOutput) for GPIOPinTypeGPIOOutput
    main.o(i.main) refers to time.o(i.initTime) for initTime
    main.o(i.main) refers to uart_1.o(i.initUart) for initUart
    main.o(i.main) refers to i2c_1.o(i.initI2C) for initI2C
    main.o(i.main) refers to mpu.o(i.initMPU6050) for initMPU6050
    main.o(i.main) refers to pwm_1.o(i.initPWM) for initPWM
    main.o(i.main) refers to rx.o(i.initRX) for initRX
    main.o(i.main) refers to buzzer.o(i.initBuzzer) for initBuzzer
    main.o(i.main) refers to lights.o(i.initLEDS) for initLEDS
    main.o(i.main) refers to mpu.o(i.MPUtestConnection) for MPUtestConnection
    main.o(i.main) refers to interrupt.o(i.IntMasterEnable) for IntMasterEnable
    main.o(i.main) refers to sysctl.o(.emb_text) for SysCtlDelay
    main.o(i.main) refers to time.o(i.micros) for micros
    main.o(i.main) refers to dflt_clz.o(x$fpl$dfltu) for __aeabi_ui2d
    main.o(i.main) refers to daddsub_clz.o(x$fpl$dsub) for __aeabi_dsub
    main.o(i.main) refers to ddiv.o(x$fpl$ddiv) for __aeabi_ddiv
    main.o(i.main) refers to d2f.o(x$fpl$d2f) for __aeabi_d2f
    main.o(i.main) refers to rx.o(i.getRXchannel) for getRXchannel
    main.o(i.main) refers to mat.o(i.constrain) for constrain
    main.o(i.main) refers to mat.o(i.mapf) for mapf
    main.o(i.main) refers to pid.o(i.ratePID) for ratePID
    main.o(i.main) refers to mpu.o(i.dataReadyMPU) for dataReadyMPU
    main.o(i.main) refers to mpu.o(i.readMPU) for readMPU
    main.o(i.main) refers to pid.o(i.stabilizePID) for stabilizePID
    main.o(i.main) refers to pwm_1.o(i.writeMotorL) for writeMotorL
    main.o(i.main) refers to pwm_1.o(i.writeMotorR) for writeMotorR
    main.o(i.main) refers to pwm_1.o(i.writeMotorF) for writeMotorF
    main.o(i.main) refers to pwm_1.o(i.writeMotorB) for writeMotorB
    main.o(i.main) refers to lights.o(i.led_B) for led_B
    main.o(i.main) refers to lights.o(i.led_F) for led_F
    main.o(i.main) refers to lights.o(i.led_R) for led_R
    main.o(i.main) refers to lights.o(i.led_L) for led_L
    main.o(.constdata) refers to main.o(.conststring) for .conststring
    mpu.o(i.MPUtestConnection) refers to i2c_1.o(i.readI2C) for readI2C
    mpu.o(i.MPUtestConnection) refers to buzzer.o(i.RedLed) for RedLed
    mpu.o(i.MPUtestConnection) refers to main.o(i.UARTprintf) for UARTprintf
    mpu.o(i.MPUtestConnection) refers to buzzer.o(i.GreenLed) for GreenLed
    mpu.o(i.MPUtestConnection) refers to time.o(i.Delay) for Delay
    mpu.o(i.MPUtestConnection) refers to mpu.o(.data) for .data
    mpu.o(i.dataReadyMPU) refers to gpio.o(i.GPIOPinRead) for GPIOPinRead
    mpu.o(i.getGyroX) refers to mpu.o(.bss) for .bss
    mpu.o(i.getGyroY) refers to mpu.o(.bss) for .bss
    mpu.o(i.getGyroZ) refers to mpu.o(.data) for .data
    mpu.o(i.getMPUangleX) refers to mpu.o(.bss) for .bss
    mpu.o(i.getMPUangleY) refers to mpu.o(.bss) for .bss
    mpu.o(i.initMPU6050) refers to i2c_1.o(i.writeI2C) for writeI2C
    mpu.o(i.initMPU6050) refers to sysctl.o(i.SysCtlPeripheralEnable) for SysCtlPeripheralEnable
    mpu.o(i.initMPU6050) refers to sysctl.o(.emb_text) for SysCtlDelay
    mpu.o(i.initMPU6050) refers to gpio.o(i.GPIOPinTypeGPIOInput) for GPIOPinTypeGPIOInput
    mpu.o(i.readMPU) refers to gpio.o(i.GPIOIntStatus) for GPIOIntStatus
    mpu.o(i.readMPU) refers to gpio.o(i.GPIOIntClear) for GPIOIntClear
[...]
    .ARM.Collect$$libinit$$0000000A          0x00000306   Section        0  libinit2.o(.ARM.Collect$$libinit$$0000000A)
    .ARM.Collect$$libinit$$0000000C          0x00000306   Section        0  libinit2.o(.ARM.Collect$$libinit$$0000000C)
    .ARM.Collect$$libinit$$0000000E          0x00000306   Section        0  libinit2.o(.ARM.Collect$$libinit$$0000000E)
    .ARM.Collect$$libinit$$00000011          0x00000306   Section        0  libinit2.o(.ARM.Collect$$libinit$$00000011)
    .ARM.Collect$$libinit$$00000013          0x00000306   Section        0  libinit2.o(.ARM.Collect$$libinit$$00000013)
    .ARM.Collect$$libinit$$00000015          0x00000306   Section        0  libinit2.o(.ARM.Collect$$libinit$$00000015)
    .ARM.Collect$$libinit$$00000017          0x00000306   Section        0  libinit2.o(.ARM.Collect$$libinit$$00000017)
    .ARM.Collect$$libinit$$00000019          0x00000306   Section        0  libinit2.o(.ARM.Collect$$libinit$$00000019)
    .ARM.Collect$$libinit$$0000001B          0x00000306   Section        0  libinit2.o(.ARM.Collect$$libinit$$0000001B)
    .ARM.Collect$$libinit$$0000001D          0x00000306   Section        0  libinit2.o(.ARM.Collect$$libinit$$0000001D)
    .ARM.Collect$$libinit$$0000001F          0x00000306   Section        0  libinit2.o(.ARM.Collect$$libinit$$0000001F)
    .ARM.Collect$$libinit$$00000021          0x00000306   Section        0  libinit2.o(.ARM.Collect$$libinit$$00000021)
    .ARM.Collect$$libinit$$00000023          0x00000306   Section        0  libinit2.o(.ARM.Collect$$libinit$$00000023)
    .ARM.Collect$$libinit$$00000025          0x00000306   Section        0  libinit2.o(.ARM.Collect$$libinit$$00000025)
    .ARM.Collect$$libinit$$0000002C          0x00000306   Section        0  libinit2.o(.ARM.Collect$$libinit$$0000002C)
    .ARM.Collect$$libinit$$0000002E          0x00000306   Section        0  libinit2.o(.ARM.Collect$$libinit$$0000002E)
    .ARM.Collect$$libinit$$00000030          0x00000306   Section        0  libinit2.o(.ARM.Collect$$libinit$$00000030)
    .ARM.Collect$$libinit$$00000032          0x00000306   Section        0  libinit2.o(.ARM.Collect$$libinit$$00000032)
    .ARM.Collect$$libinit$$00000033          0x00000306   Section        2  libinit2.o(.ARM.Collect$$libinit$$00000033)
    .ARM.Collect$$libshutdown$$00000000      0x00000308   Section        2  libshutdown.o(.ARM.Collect$$libshutdown$$00000000)
    .ARM.Collect$$libshutdown$$00000002      0x0000030a   Section        0  libshutdown2.o(.ARM.Collect$$libshutdown$$00000002)
    .ARM.Collect$$libshutdown$$00000004      0x0000030a   Section        0  libshutdown2.o(.ARM.Collect$$libshutdown$$00000004)
    .ARM.Collect$$libshutdown$$00000007      0x0000030a   Section        0  libshutdown2.o(.ARM.Collect$$libshutdown$$00000007)
    .ARM.Collect$$libshutdown$$0000000A      0x0000030a   Section        0  libshutdown2.o(.ARM.Collect$$libshutdown$$0000000A)
    .ARM.Collect$$libshutdown$$0000000C      0x0000030a   Section        0  libshutdown2.o(.ARM.Collect$$libshutdown$$0000000C)
    .ARM.Collect$$libshutdown$$0000000F      0x0000030a   Section        0  libshutdown2.o(.ARM.Collect$$libshutdown$$0000000F)
    .ARM.Collect$$libshutdown$$00000010      0x0000030a   Section        2  libshutdown2.o(.ARM.Collect$$libshutdown$$00000010)
    .ARM.Collect$$rtentry$$00000000          0x0000030c   Section        0  __rtentry.o(.ARM.Collect$$rtentry$$00000000)
    .ARM.Collect$$rtentry$$00000002          0x0000030c   Section        0  __rtentry2.o(.ARM.Collect$$rtentry$$00000002)
    .ARM.Collect$$rtentry$$00000004          0x0000030c   Section        6  __rtentry4.o(.ARM.Collect$$rtentry$$00000004)
    .ARM.Collect$$rtentry$$00000009          0x00000312   Section        0  __rtentry2.o(.ARM.Collect$$rtentry$$00000009)
    .ARM.Collect$$rtentry$$0000000A          0x00000312   Section        4  __rtentry2.o(.ARM.Collect$$rtentry$$0000000A)
    .ARM.Collect$$rtentry$$0000000C          0x00000316   Section        0  __rtentry2.o(.ARM.Collect$$rtentry$$0000000C)
    .ARM.Collect$$rtentry$$0000000D          0x00000316   Section        8  __rtentry2.o(.ARM.Collect$$rtentry$$0000000D)
    .ARM.Collect$$rtexit$$00000000           0x0000031e   Section        2  rtexit.o(.ARM.Collect$$rtexit$$00000000)
    .ARM.Collect$$rtexit$$00000002           0x00000320   Section        0  rtexit2.o(.ARM.Collect$$rtexit$$00000002)
    .ARM.Collect$$rtexit$$00000003           0x00000320   Section        4  rtexit2.o(.ARM.Collect$$rtexit$$00000003)
    .ARM.Collect$$rtexit$$00000004           0x00000324   Section        6  rtexit2.o(.ARM.Collect$$rtexit$$00000004)
    .emb_text                                0x0000032c   Section       38  cpu.o(.emb_text)
    $v0                                      0x0000032c   Number         0  cpu.o(.emb_text)
    .emb_text                                0x00000354   Section        6  sysctl.o(.emb_text)
    $v0                                      0x00000354   Number         0  sysctl.o(.emb_text)
    .text                                    0x0000035c   Section      276  startup_tm4c123.o(.text)
    $v0                                      0x0000035c   Number         0  startup_tm4c123.o(.text)
    .text                                    0x00000470   Section        0  heapauxi.o(.text)
    .text                                    0x00000478   Section        8  libspace.o(.text)
    .text                                    0x00000480   Section       74  sys_stackheap_outer.o(.text)
    .text                                    0x000004ca   Section        0  exit.o(.text)
    .text                                    0x000004dc   Section        0  sys_exit.o(.text)
    .text                                    0x000004e8   Section        2  use_no_semi.o(.text)
    .text                                    0x000004ea   Section        0  indicate_semi.o(.text)
    i.Delay                                  0x000004ec   Section        0  time.o(i.Delay)
    i.GPIODirModeSet                         0x00000504   Section        0  gpio.o(i.GPIODirModeSet)
    i.GPIOIntClear                           0x00000532   Section        0  gpio.o(i.GPIOIntClear)
    i.GPIOIntEnable                          0x00000538   Section        0  gpio.o(i.GPIOIntEnable)
    i.GPIOIntRegister                        0x00000544   Section        0  gpio.o(i.GPIOIntRegister)
    i.GPIOIntStatus                          0x00000560   Section        0  gpio.o(i.GPIOIntStatus)
    i.GPIOIntTypeSet                         0x00000570   Section        0  gpio.o(i.GPIOIntTypeSet)
    i.GPIOPadConfigSet                       0x000005ce   Section        0  gpio.o(i.GPIOPadConfigSet)
    i.GPIOPinConfigure                       0x0000071c   Section        0  gpio.o(i.GPIOPinConfigure)
    i.GPIOPinRead                            0x00000764   Section        0  gpio.o(i.GPIOPinRead)
    i.GPIOPinTypeGPIOInput                   0x0000076a   Section        0  gpio.o(i.GPIOPinTypeGPIOInput)
    i.GPIOPinTypeGPIOOutput                  0x0000078a   Section        0  gpio.o(i.GPIOPinTypeGPIOOutput)
    i.GPIOPinTypeI2C                         0x000007aa   Section        0  gpio.o(i.GPIOPinTypeI2C)
    i.GPIOPinTypeI2CSCL                      0x000007ca   Section        0  gpio.o(i.GPIOPinTypeI2CSCL)
    i.GPIOPinTypePWM                         0x000007ea   Section        0  gpio.o(i.GPIOPinTypePWM)
    i.GPIOPinTypeUART                        0x0000080a   Section        0  gpio.o(i.GPIOPinTypeUART)
    i.GPIOPinWrite                           0x0000082a   Section        0  gpio.o(i.GPIOPinWrite)
    i.GreenLed                               0x00000830   Section        0  buzzer.o(i.GreenLed)
    i.I2CMasterBusy                          0x00000848   Section        0  i2c.o(i.I2CMasterBusy)
    i.I2CMasterControl                       0x00000856   Section        0  i2c.o(i.I2CMasterControl)
    i.I2CMasterDataGet                       0x0000085a   Section        0  i2c.o(i.I2CMasterDataGet)
    i.I2CMasterDataPut                       0x0000085e   Section        0  i2c.o(i.I2CMasterDataPut)
    i.I2CMasterEnable                        0x00000862   Section        0  i2c.o(i.I2CMasterEnable)
    i.I2CMasterInitExpClk                    0x0000086c   Section        0  i2c.o(i.I2CMasterInitExpClk)
    i.I2CMasterSlaveAddrSet                  0x000008c4   Section        0  i2c.o(i.I2CMasterSlaveAddrSet)
    i.IntEnable                              0x000008cc   Section        0  interrupt.o(i.IntEnable)
    i.IntMasterEnable                        0x0000092c   Section        0  interrupt.o(i.IntMasterEnable)
    i.IntPrioritySet                         0x0000093c   Section        0  interrupt.o(i.IntPrioritySet)
    i.IntRegister                            0x00000960   Section        0  interrupt.o(i.IntRegister)
    i.MPUtestConnection                      0x00000990   Section        0  mpu.o(i.MPUtestConnection)
    i.PWMGenConfigure                        0x000009ec   Section        0  pwm.o(i.PWMGenConfigure)
    i.PWMGenEnable                           0x00000a18   Section        0  pwm.o(i.PWMGenEnable)
    i.PWMGenPeriodSet                        0x00000a22   Section        0  pwm.o(i.PWMGenPeriodSet)
    i.PWMOutputState                         0x00000a36   Section        0  pwm.o(i.PWMOutputState)
    i.PWMPulseWidthSet                       0x00000a4a   Section        0  pwm.o(i.PWMPulseWidthSet)
    i.RXChannel                              0x00000a68   Section        0  rx.o(i.RXChannel)
    i.RedLed                                 0x00000ba8   Section        0  buzzer.o(i.RedLed)
    i.SysCtlClockGet                         0x00000bc0   Section        0  sysctl.o(i.SysCtlClockGet)
    i.SysCtlClockSet                         0x00000d04   Section        0  sysctl.o(i.SysCtlClockSet)
    i.SysCtlPWMClockSet                      0x00000df0   Section        0  sysctl.o(i.SysCtlPWMClockSet)
    i.SysCtlPeripheralEnable                 0x00000e04   Section        0  sysctl.o(i.SysCtlPeripheralEnable)
    i.SysCtlPeripheralPresent                0x00000e2c   Section        0  sysctl.o(i.SysCtlPeripheralPresent)
    i.SysTickEnable                          0x00000e58   Section        0  systick.o(i.SysTickEnable)
    i.SysTickIntEnable                       0x00000e66   Section        0  systick.o(i.SysTickIntEnable)
    i.SysTickIntHandler                      0x00000e74   Section        0  time.o(i.SysTickIntHandler)
    SysTickIntHandler                        0x00000e75   Thumb Code    10  time.o(i.SysTickIntHandler)
    i.SysTickIntRegister                     0x00000e84   Section        0  systick.o(i.SysTickIntRegister)
    i.SysTickPeriodSet                       0x00000e9c   Section        0  systick.o(i.SysTickPeriodSet)
    i.SystemInit                             0x00000ea8   Section        0  system_tm4c123.o(i.SystemInit)
    i.UARTCharPut                            0x00000eb8   Section        0  uart.o(i.UARTCharPut)
    i.UARTClockSourceSet                     0x00000ec2   Section        0  uart.o(i.UARTClockSourceSet)
    i.UARTConfigSetExpClk                    0x00000ec8   Section        0  uart.o(i.UARTConfigSetExpClk)
    i.UARTDisable                            0x00000f14   Section        0  uart.o(i.UARTDisable)
    i.UARTEnable                             0x00000f2e   Section        0  uart.o(i.UARTEnable)
    i.UARTStdioConfig                        0x00000f44   Section        0  main.o(i.UARTStdioConfig)
    i.UARTprintf                             0x00000f94   Section        0  main.o(i.UARTprintf)
    i.UARTvprintf                            0x00000fa8   Section        0  main.o(i.UARTvprintf)
    i.UARTwrite                              0x00001190   Section        0  main.o(i.UARTwrite)
    i._GPIOIntNumberGet                      0x000011c4   Section        0  gpio.o(i._GPIOIntNumberGet)
    _GPIOIntNumberGet                        0x000011c5   Thumb Code    54  gpio.o(i._GPIOIntNumberGet)
    i.__ARM_fpclassify                       0x0000120c   Section        0  fpclassify.o(i.__ARM_fpclassify)
    i.__hardfp_atan                          0x00001240   Section        0  atan.o(i.__hardfp_atan)
    i.__hardfp_atan2                         0x00001518   Section        0  atan2.o(i.__hardfp_atan2)
    i.__kernel_poly                          0x00001708   Section        0  poly.o(i.__kernel_poly)
    i.__mathlib_dbl_infnan                   0x00001800   Section        0  dunder.o(i.__mathlib_dbl_infnan)
    i.__mathlib_dbl_infnan2                  0x00001814   Section        0  dunder.o(i.__mathlib_dbl_infnan2)
    i.__mathlib_dbl_underflow                0x00001828   Section        0  dunder.o(i.__mathlib_dbl_underflow)
    i.atan                                   0x00001848   Section        0  atan.o(i.atan)
    i.constrain                              0x00001858   Section        0  mat.o(i.constrain)
    i.dataReadyMPU                           0x00001878   Section        0  mpu.o(i.dataReadyMPU)
    i.fabs                                   0x00001884   Section        0  fabs.o(i.fabs)
    i.getGyroX                               0x0000189c   Section        0  mpu.o(i.getGyroX)
    i.getGyroY                               0x000018a8   Section        0  mpu.o(i.getGyroY)
    i.getGyroZ                               0x000018b4   Section        0  mpu.o(i.getGyroZ)
    i.getMPUangleX                           0x000018c0   Section        0  mpu.o(i.getMPUangleX)
    i.getMPUangleY                           0x000018cc   Section        0  mpu.o(i.getMPUangleY)
    i.getRXchannel                           0x000018dc   Section        0  rx.o(i.getRXchannel)
    i.initBuzzer                             0x00001914   Section        0  buzzer.o(i.initBuzzer)
    i.initI2C                                0x00001940   Section        0  i2c_1.o(i.initI2C)
    i.initLEDS                               0x000019a4   Section        0  lights.o(i.initLEDS)
    i.initMPU6050                            0x000019c8   Section        0  mpu.o(i.initMPU6050)
    i.initPWM                                0x00001a30   Section        0  pwm_1.o(i.initPWM)
    i.initRX                                 0x00001ae4   Section        0  rx.o(i.initRX)
    i.initTime                               0x00001b2c   Section        0  time.o(i.initTime)
    i.initUart                               0x00001b4c   Section        0  uart_1.o(i.initUart)
    i.led_B                                  0x00001ba0   Section        0  lights.o(i.led_B)
    i.led_F                                  0x00001bb8   Section        0  lights.o(i.led_F)
    i.led_L                                  0x00001bd0   Section        0  lights.o(i.led_L)
    i.led_R                                  0x00001be8   Section        0  lights.o(i.led_R)
    i.main                                   0x00001c00   Section        0  main.o(i.main)
    i.mapf                                   0x00001f9c   Section        0  mat.o(i.mapf)
    i.micros                                 0x00001fb8   Section        0  time.o(i.micros)
    i.ratePID                                0x00001fc4   Section        0  pid.o(i.ratePID)
    i.readI2C                                0x00002268   Section        0  i2c_1.o(i.readI2C)
    i.readMPU                                0x000022c4   Section        0  mpu.o(i.readMPU)
    i.stabilizePID                           0x000025a8   Section        0  pid.o(i.stabilizePID)
    i.writeI2C                               0x000028a0   Section        0  i2c_1.o(i.writeI2C)
    i.writeMotorB                            0x000028ec   Section        0  pwm_1.o(i.writeMotorB)
    i.writeMotorF                            0x0000292c   Section        0  pwm_1.o(i.writeMotorF)
    i.writeMotorL                            0x0000296c   Section        0  pwm_1.o(i.writeMotorL)
    i.writeMotorR                            0x000029ac   Section        0  pwm_1.o(i.writeMotorR)
    x$fpl$basic                              0x000029ec   Section       24  basic.o(x$fpl$basic)
    $v0                                      0x000029ec   Number         0  basic.o(x$fpl$basic)
    x$fpl$d2f                                0x00002a04   Section       98  d2f.o(x$fpl$d2f)
    $v0                                      0x00002a04   Number         0  d2f.o(x$fpl$d2f)
    x$fpl$dadd                               0x00002a68   Section      336  daddsub_clz.o(x$fpl$dadd)
    $v0                                      0x00002a68   Number         0  daddsub_clz.o(x$fpl$dadd)
    _dadd1                                   0x00002a79   Thumb Code     0  daddsub_clz.o(x$fpl$dadd)
    x$fpl$ddiv                               0x00002bb8   Section      688  ddiv.o(x$fpl$ddiv)
    $v0                                      0x00002bb8   Number         0  ddiv.o(x$fpl$ddiv)
    ddiv_entry                               0x00002bbf   Thumb Code     0  ddiv.o(x$fpl$ddiv)
    x$fpl$dflt                               0x00002e68   Section       46  dflt_clz.o(x$fpl$dflt)
    $v0                                      0x00002e68   Number         0  dflt_clz.o(x$fpl$dflt)
    x$fpl$dfltu                              0x00002e96   Section       38  dflt_clz.o(x$fpl$dfltu)
    $v0                                      0x00002e96   Number         0  dflt_clz.o(x$fpl$dfltu)
    x$fpl$dmul                               0x00002ebc   Section      340  dmul.o(x$fpl$dmul)
    $v0                                      0x00002ebc   Number         0  dmul.o(x$fpl$dmul)
    x$fpl$dnaninf                            0x00003010   Section      156  dnaninf.o(x$fpl$dnaninf)
    $v0                                      0x00003010   Number         0  dnaninf.o(x$fpl$dnaninf)
    x$fpl$dretinf                            0x000030ac   Section       12  dretinf.o(x$fpl$dretinf)
    $v0                                      0x000030ac   Number         0  dretinf.o(x$fpl$dretinf)
    x$fpl$drsb                               0x000030b8   Section       22  daddsub_clz.o(x$fpl$drsb)
    $v0                                      0x000030b8   Number         0  daddsub_clz.o(x$fpl$drsb)
    x$fpl$dsub                               0x000030d0   Section      468  daddsub_clz.o(x$fpl$dsub)
    $v0                                      0x000030d0   Number         0  daddsub_clz.o(x$fpl$dsub)
    _dsub1                                   0x000030e1   Thumb Code     0  daddsub_clz.o(x$fpl$dsub)
    x$fpl$f2d                                0x000032a4   Section       86  f2d.o(x$fpl$f2d)
    $v0                                      0x000032a4   Number         0  f2d.o(x$fpl$f2d)
    x$fpl$fnaninf                            0x000032fa   Section      140  fnaninf.o(x$fpl$fnaninf)
    $v0                                      0x000032fa   Number         0  fnaninf.o(x$fpl$fnaninf)
    x$fpl$fpinit                             0x00003386   Section       10  fpinit.o(x$fpl$fpinit)
    $v0                                      0x00003386   Number         0  fpinit.o(x$fpl$fpinit)
    x$fpl$fretinf                            0x00003390   Section       10  fretinf.o(x$fpl$fretinf)
    $v0                                      0x00003390   Number         0  fretinf.o(x$fpl$fretinf)
    x$fpl$usenofp                            0x0000339a   Section        0  usenofp.o(x$fpl$usenofp)
    .constdata                               0x0000339c   Section       28  main.o(.constdata)
    g_pcHex                                  0x0000339c   Data           4  main.o(.constdata)
    g_ui32UARTBase                           0x000033a0   Data          12  main.o(.constdata)
    g_ui32UARTPeriph                         0x000033ac   Data          12  main.o(.constdata)
    .constdata                               0x000033b8   Section      552  gpio.o(.constdata)
    g_ppui32GPIOIntMapBlizzard               0x000033b8   Data         192  gpio.o(.constdata)
    g_ppui32GPIOIntMapSnowflake              0x00003478   Data         216  gpio.o(.constdata)
    g_pui32GPIOBaseAddrs                     0x00003550   Data         144  gpio.o(.constdata)
    .constdata                               0x000035e0   Section      268  interrupt.o(.constdata)
    g_pui32Priority                          0x000035e0   Data          32  interrupt.o(.constdata)
    g_pui32Regs                              0x00003600   Data         156  interrupt.o(.constdata)
    g_pui32EnRegs                            0x0000369c   Data          20  interrupt.o(.constdata)
    g_pui32Dii16Regs                         0x000036b0   Data          20  interrupt.o(.constdata)
    g_pui32PendRegs                          0x000036c4   Data          20  interrupt.o(.constdata)
    g_pui32UnpendRegs                        0x000036d8   Data          20  interrupt.o(.constdata)
    .constdata                               0x000036ec   Section      596  sysctl.o(.constdata)
    g_pui32VCOFrequencies                    0x000036ec   Data           8  sysctl.o(.constdata)
    g_pui32Xtals                             0x000036f4   Data         108  sysctl.o(.constdata)
    g_pppui32XTALtoVCO                       0x00003760   Data         432  sysctl.o(.constdata)
    g_sXTALtoMEMTIM                          0x00003910   Data          48  sysctl.o(.constdata)
    .constdata                               0x00003940   Section      152  atan.o(.constdata)
    atanhi                                   0x00003940   Data          32  atan.o(.constdata)
    atanlo                                   0x00003960   Data          32  atan.o(.constdata)
    aTodd                                    0x00003980   Data          40  atan.o(.constdata)
    aTeven                                   0x000039a8   Data          48  atan.o(.constdata)
    .constdata                               0x000039d8   Section        8  qnan.o(.constdata)
    .conststring                             0x000039e0   Section       17  main.o(.conststring)
    .conststring                             0x000039f4   Section       86  mpu.o(.conststring)
    .data                                    0x20000000   Section        8  main.o(.data)
    bLastWasCR                               0x20000000   Data           1  main.o(.data)
    g_ui32Base                               0x20000004   Data           4  main.o(.data)
    .data                                    0x20000008   Section       80  mpu.o(.data)
    .data                                    0x20000058   Section      176  pid.o(.data)
    .data                                    0x20000108   Section       24  rx.o(.data)
    .data                                    0x20000120   Section        4  time.o(.data)
    .data                                    0x20000124   Section        4  pwm_1.o(.data)
    vtable                                   0x20000400   Section      620  interrupt.o(vtable)
    g_pfnRAMVectors                          0x20000400   Data         620  interrupt.o(vtable)
    .bss                                     0x2000066c   Section       72  mpu.o(.bss)
    .bss                                     0x200006b4   Section       12  rx.o(.bss)
    rxChannel                                0x200006b4   Data          12  rx.o(.bss)
    .bss                                     0x200006c0   Section       96  libspace.o(.bss)
    HEAP                                     0x20000720   Section        0  startup_tm4c123.o(HEAP)
    STACK                                    0x20000720   Section      512  startup_tm4c123.o(STACK)
    Heap_Mem                                 0x20000720   Data           0  startup_tm4c123.o(HEAP)
    Stack_Mem                                0x20000720   Data         512  startup_tm4c123.o(STACK)
    __initial_sp                             0x20000920   Data           0  startup_tm4c123.o(STACK)

    Global Symbols

    Symbol Name                              Value     Ov Type        Size  Object(Section)

    BuildAttributes$$THM_ISAv4$E$P$D$K$B$S$7EM$VFPi3$EXTD16$VFPS$VFMA$PE$A:L22UL41UL21$X:L11$S22US41US21$IEEE1$IW$USESV6$~STKCKD$USESV7$~SHL$OTIME$ROPI$IEEEX$EBA8$UX$STANDARDLIB$REQ8$PRES8$EABIv2 0x00000000   Number         0  anon$$obj.o ABSOLUTE
    __ARM_use_no_argv                        0x00000000   Number         0  main.o ABSOLUTE
    __Vectors                                0x00000000   Data           4  startup_tm4c123.o(RESET)
    __ARM_exceptions_init                     - Undefined Weak Reference
    __alloca_initialize                       - Undefined Weak Reference
    __arm_preinit_                            - Undefined Weak Reference
    __cpp_initialize__aeabi_                  - Undefined Weak Reference
    __cxa_finalize                            - Undefined Weak Reference
    __rt_locale                               - Undefined Weak Reference
    __sigvec_lookup                           - Undefined Weak Reference
    _atexit_init                              - Undefined Weak Reference
    _call_atexit_fns                          - Undefined Weak Reference
    _clock_init                               - Undefined Weak Reference
    _fp_trap_init                             - Undefined Weak Reference
    _fp_trap_shutdown                         - Undefined Weak Reference
    _get_lc_collate                           - Undefined Weak Reference
    _get_lc_ctype                             - Undefined Weak Reference
    _get_lc_monetary                          - Undefined Weak Reference
    _get_lc_numeric                           - Undefined Weak Reference
    _get_lc_time                              - Undefined Weak Reference
    _getenv_init                              - Undefined Weak Reference
    _handle_redirection                       - Undefined Weak Reference
    _init_alloc                               - Undefined Weak Reference
    _init_user_alloc                          - Undefined Weak Reference
    _initio                                   - Undefined Weak Reference
    _rand_init                                - Undefined Weak Reference
    _signal_finish                            - Undefined Weak Reference
    _signal_init                              - Undefined Weak Reference
    _terminate_alloc                          - Undefined Weak Reference
    _terminate_user_alloc                     - Undefined Weak Reference
    _terminateio                              - Undefined Weak Reference
    __Vectors_End                            0x0000026c   Data           0  startup_tm4c123.o(RESET)
    __Vectors_Size                           0x0000026c   Number         0  startup_tm4c123.o ABSOLUTE
    __main                                   0x0000026d   Thumb Code     8  __main.o(!!!main)
    __scatterload                            0x00000275   Thumb Code     0  __scatter.o(!!!scatter)
    __scatterload_rt2                        0x00000275   Thumb Code    44  __scatter.o(!!!scatter)
    __scatterload_rt2_thumb_only             0x00000275   Thumb Code     0  __scatter.o(!!!scatter)
    __scatterload_null                       0x00000283   Thumb Code     0  __scatter.o(!!!scatter)
    __decompress                             0x000002a9   Thumb Code    58  __dczerorl.o(!!dczerorl)
    __decompress0                            0x000002a9   Thumb Code     0  __dczerorl.o(!!dczerorl)
    __scatterload_zeroinit                   0x000002e5   Thumb Code    28  __scatter_zi.o(!!handler_zi)
    __rt_lib_init                            0x00000301   Thumb Code     0  libinit.o(.ARM.Collect$$libinit$$00000000)
    __rt_lib_init_fp_1                       0x00000303   Thumb Code     0  libinit2.o(.ARM.Collect$$libinit$$00000001)
    __rt_lib_init_alloca_1                   0x00000307   Thumb Code     0  libinit2.o(.ARM.Collect$$libinit$$0000002E)
    __rt_lib_init_argv_1                     0x00000307   Thumb Code     0  libinit2.o(.ARM.Collect$$libinit$$0000002C)
    __rt_lib_init_atexit_1                   0x00000307   Thumb Code     0  libinit2.o(.ARM.Collect$$libinit$$0000001B)
    __rt_lib_init_clock_1                    0x00000307   Thumb Code     0  libinit2.o(.ARM.Collect$$libinit$$00000021)
    __rt_lib_init_cpp_1                      0x00000307   Thumb Code     0  libinit2.o(.ARM.Collect$$libinit$$00000032)
    __rt_lib_init_exceptions_1               0x00000307   Thumb Code     0  libinit2.o(.ARM.Collect$$libinit$$00000030)
    __rt_lib_init_fp_trap_1                  0x00000307   Thumb Code     0  libinit2.o(.ARM.Collect$$libinit$$0000001F)
    __rt_lib_init_getenv_1                   0x00000307   Thumb Code     0  libinit2.o(.ARM.Collect$$libinit$$00000023)
    __rt_lib_init_heap_1                     0x00000307   Thumb Code     0  libinit2.o(.ARM.Collect$$libinit$$0000000A)
    __rt_lib_init_lc_collate_1               0x00000307   Thumb Code     0  libinit2.o(.ARM.Collect$$libinit$$00000011)
    __rt_lib_init_lc_ctype_1                 0x00000307   Thumb Code     0  libinit2.o(.ARM.Collect$$libinit$$00000013)
    __rt_lib_init_lc_monetary_1              0x00000307   Thumb Code     0  libinit2.o(.ARM.Collect$$libinit$$00000015)
    __rt_lib_init_lc_numeric_1               0x00000307   Thumb Code     0  libinit2.o(.ARM.Collect$$libinit$$00000017)
    __rt_lib_init_lc_time_1                  0x00000307   Thumb Code     0  libinit2.o(.ARM.Collect$$libinit$$00000019)
    __rt_lib_init_preinit_1                  0x00000307   Thumb Code     0  libinit2.o(.ARM.Collect$$libinit$$00000004)
    __rt_lib_init_rand_1                     0x00000307   Thumb Code     0  libinit2.o(.ARM.Collect$$libinit$$0000000E)
    __rt_lib_init_return                     0x00000307   Thumb Code     0  libinit2.o(.ARM.Collect$$libinit$$00000033)
    __rt_lib_init_signal_1                   0x00000307   Thumb Code     0  libinit2.o(.ARM.Collect$$libinit$$0000001D)
    __rt_lib_init_stdio_1                    0x00000307   Thumb Code     0  libinit2.o(.ARM.Collect$$libinit$$00000025)
    __rt_lib_init_user_alloc_1               0x00000307   Thumb Code     0  libinit2.o(.ARM.Collect$$libinit$$0000000C)
    __rt_lib_shutdown                        0x00000309   Thumb Code     0  libshutdown.o(.ARM.Collect$$libshutdown$$00000000)
    __rt_lib_shutdown_cpp_1                  0x0000030b   Thumb Code     0  libshutdown2.o(.ARM.Collect$$libshutdown$$00000002)
    __rt_lib_shutdown_fp_trap_1              0x0000030b   Thumb Code     0  libshutdown2.o(.ARM.Collect$$libshutdown$$00000007)
    __rt_lib_shutdown_heap_1                 0x0000030b   Thumb Code     0  libshutdown2.o(.ARM.Collect$$libshutdown$$0000000F)
    __rt_lib_shutdown_return                 0x0000030b   Thumb Code     0  libshutdown2.o(.ARM.Collect$$libshutdown$$00000010)
    __rt_lib_shutdown_signal_1               0x0000030b   Thumb Code     0  libshutdown2.o(.ARM.Collect$$libshutdown$$0000000A)
    __rt_lib_shutdown_stdio_1                0x0000030b   Thumb Code     0  libshutdown2.o(.ARM.Collect$$libshutdown$$00000004)
    __rt_lib_shutdown_user_alloc_1           0x0000030b   Thumb Code     0  libshutdown2.o(.ARM.Collect$$libshutdown$$0000000C)
    __rt_entry                               0x0000030d   Thumb Code     0  __rtentry.o(.ARM.Collect$$rtentry$$00000000)
    __rt_entry_presh_1                       0x0000030d   Thumb Code     0  __rtentry2.o(.ARM.Collect$$rtentry$$00000002)
    __rt_entry_sh                            0x0000030d   Thumb Code     0  __rtentry4.o(.ARM.Collect$$rtentry$$00000004)
    __rt_entry_li                            0x00000313   Thumb Code     0  __rtentry2.o(.ARM.Collect$$rtentry$$0000000A)
    __rt_entry_postsh_1                      0x00000313   Thumb Code     0  __rtentry2.o(.ARM.Collect$$rtentry$$00000009)
    __rt_entry_main                          0x00000317   Thumb Code     0  __rtentry2.o(.ARM.Collect$$rtentry$$0000000D)
    __rt_entry_postli_1                      0x00000317   Thumb Code     0  __rtentry2.o(.ARM.Collect$$rtentry$$0000000C)
    __rt_exit                                0x0000031f   Thumb Code     0  rtexit.o(.ARM.Collect$$rtexit$$00000000)
    __rt_exit_ls                             0x00000321   Thumb Code     0  rtexit2.o(.ARM.Collect$$rtexit$$00000003)
    __rt_exit_prels_1                        0x00000321   Thumb Code     0  rtexit2.o(.ARM.Collect$$rtexit$$00000002)
    __rt_exit_exit                           0x00000325   Thumb Code     0  rtexit2.o(.ARM.Collect$$rtexit$$00000004)
    CPUcpsid                                 0x0000032d   Thumb Code     8  cpu.o(.emb_text)
    CPUprimask                               0x00000335   Thumb Code     6  cpu.o(.emb_text)
    CPUcpsie                                 0x0000033b   Thumb Code     8  cpu.o(.emb_text)
    CPUwfi                                   0x00000343   Thumb Code     4  cpu.o(.emb_text)
    CPUbasepriSet                            0x00000347   Thumb Code     6  cpu.o(.emb_text)
    CPUbasepriGet                            0x0000034d   Thumb Code     6  cpu.o(.emb_text)
    SysCtlDelay                              0x00000355   Thumb Code     6  sysctl.o(.emb_text)
    Reset_Handler                            0x0000035d   Thumb Code     8  startup_tm4c123.o(.text)
    NMI_Handler                              0x00000365   Thumb Code     2  startup_tm4c123.o(.text)
    HardFault_Handler                        0x00000367   Thumb Code     2  startup_tm4c123.o(.text)
    MemManage_Handler                        0x00000369   Thumb Code     2  startup_tm4c123.o(.text)
    BusFault_Handler                         0x0000036b   Thumb Code     2  startup_tm4c123.o(.text)
    UsageFault_Handler                       0x0000036d   Thumb Code     2  startup_tm4c123.o(.text)
    SVC_Handler                              0x0000036f   Thumb Code     2  startup_tm4c123.o(.text)
    DebugMon_Handler                         0x00000371   Thumb Code     2  startup_tm4c123.o(.text)
    PendSV_Handler                           0x00000373   Thumb Code     2  startup_tm4c123.o(.text)
    SysTick_Handler                          0x00000375   Thumb Code     2  startup_tm4c123.o(.text)
    GPIOA_Handler                            0x00000377   Thumb Code     2  startup_tm4c123.o(.text)
    GPIOB_Handler                            0x00000379   Thumb Code     2  startup_tm4c123.o(.text)
    GPIOC_Handler                            0x0000037b   Thumb Code     2  startup_tm4c123.o(.text)
    GPIOD_Handler                            0x0000037d   Thumb Code     2  startup_tm4c123.o(.text)
    GPIOE_Handler                            0x0000037f   Thumb Code     2  startup_tm4c123.o(.text)
    UART0_Handler                            0x00000381   Thumb Code     2  startup_tm4c123.o(.text)
    UART1_Handler                            0x00000383   Thumb Code     2  startup_tm4c123.o(.text)
    SSI0_Handler                             0x00000385   Thumb Code     2  startup_tm4c123.o(.text)
    I2C0_Handler                             0x00000387   Thumb Code     2  startup_tm4c123.o(.text)
    PMW0_FAULT_Handler                       0x00000389   Thumb Code     2  startup_tm4c123.o(.text)
    PWM0_0_Handler                           0x0000038b   Thumb Code     2  startup_tm4c123.o(.text)
    PWM0_1_Handler                           0x0000038d   Thumb Code     2  startup_tm4c123.o(.text)
    PWM0_2_Handler                           0x0000038f   Thumb Code     2  startup_tm4c123.o(.text)
    QEI0_Handler                             0x00000391   Thumb Code     2  startup_tm4c123.o(.text)
    ADC0SS0_Handler                          0x00000393   Thumb Code     2  startup_tm4c123.o(.text)
    ADC0SS1_Handler                          0x00000395   Thumb Code     2  startup_tm4c123.o(.text)
    ADC0SS2_Handler                          0x00000397   Thumb Code     2  startup_tm4c123.o(.text)
    ADC0SS3_Handler                          0x00000399   Thumb Code     2  startup_tm4c123.o(.text)
    WDT0_Handler                             0x0000039b   Thumb Code     2  startup_tm4c123.o(.text)
    TIMER0A_Handler                          0x0000039d   Thumb Code     2  startup_tm4c123.o(.text)
    TIMER0B_Handler                          0x0000039f   Thumb Code     2  startup_tm4c123.o(.text)
    TIMER1A_Handler                          0x000003a1   Thumb Code     2  startup_tm4c123.o(.text)
    TIMER1B_Handler                          0x000003a3   Thumb Code     2  startup_tm4c123.o(.text)
    TIMER2A_Handler                          0x000003a5   Thumb Code     2  startup_tm4c123.o(.text)
    TIMER2B_Handler                          0x000003a7   Thumb Code     2  startup_tm4c123.o(.text)
    COMP0_Handler                            0x000003a9   Thumb Code     2  startup_tm4c123.o(.text)
    COMP1_Handler                            0x000003ab   Thumb Code     2  startup_tm4c123.o(.text)
    COMP2_Handler                            0x000003ad   Thumb Code     2  startup_tm4c123.o(.text)
    SYSCTL_Handler                           0x000003af   Thumb Code     2  startup_tm4c123.o(.text)
    FLASH_Handler                            0x000003b1   Thumb Code     2  startup_tm4c123.o(.text)
    GPIOF_Handler                            0x000003b3   Thumb Code     2  startup_tm4c123.o(.text)
    GPIOG_Handler                            0x000003b5   Thumb Code     2  startup_tm4c123.o(.text)
    GPIOH_Handler                            0x000003b7   Thumb Code     2  startup_tm4c123.o(.text)
    UART2_Handler                            0x000003b9   Thumb Code     2  startup_tm4c123.o(.text)
    SSI1_Handler                             0x000003bb   Thumb Code     2  startup_tm4c123.o(.text)
    TIMER3A_Handler                          0x000003bd   Thumb Code     2  startup_tm4c123.o(.text)
    TIMER3B_Handler                          0x000003bf   Thumb Code     2  startup_tm4c123.o(.text)
    I2C1_Handler                             0x000003c1   Thumb Code     2  startup_tm4c123.o(.text)
    QEI1_Handler                             0x000003c3   Thumb Code     2  startup_tm4c123.o(.text)
    CAN0_Handler                             0x000003c5   Thumb Code     2  startup_tm4c123.o(.text)
    CAN1_Handler                             0x000003c7   Thumb Code     2  startup_tm4c123.o(.text)
    CAN2_Handler                             0x000003c9   Thumb Code     2  startup_tm4c123.o(.text)
    HIB_Handler                              0x000003cb   Thumb Code     2  startup_tm4c123.o(.text)
    USB0_Handler                             0x000003cd   Thumb Code     2  startup_tm4c123.o(.text)
    PWM0_3_Handler                           0x000003cf   Thumb Code     2  startup_tm4c123.o(.text)
    UDMA_Handler                             0x000003d1   Thumb Code     2  startup_tm4c123.o(.text)
    UDMAERR_Handler                          0x000003d3   Thumb Code     2  startup_tm4c123.o(.text)
    ADC1SS0_Handler                          0x000003d5   Thumb Code     2  startup_tm4c123.o(.text)
    ADC1SS1_Handler                          0x000003d7   Thumb Code     2  startup_tm4c123.o(.text)
    ADC1SS2_Handler                          0x000003d9   Thumb Code     2  startup_tm4c123.o(.text)
    ADC1SS3_Handler                          0x000003db   Thumb Code     2  startup_tm4c123.o(.text)
    GPIOJ_Handler                            0x000003dd   Thumb Code     2  startup_tm4c123.o(.text)
    GPIOK_Handler                            0x000003df   Thumb Code     2  startup_tm4c123.o(.text)
    GPIOL_Handler                            0x000003e1   Thumb Code     2  startup_tm4c123.o(.text)
    SSI2_Handler                             0x000003e3   Thumb Code     2  startup_tm4c123.o(.text)
    SSI3_Handler                             0x000003e5   Thumb Code     2  startup_tm4c123.o(.text)
    UART3_Handler                            0x000003e7   Thumb Code     2  startup_tm4c123.o(.text)
    UART4_Handler                            0x000003e9   Thumb Code     2  startup_tm4c123.o(.text)
    UART5_Handler                            0x000003eb   Thumb Code     2  startup_tm4c123.o(.text)
    UART6_Handler                            0x000003ed   Thumb Code     2  startup_tm4c123.o(.text)
    UART7_Handler                            0x000003ef   Thumb Code     2  startup_tm4c123.o(.text)
    I2C2_Handler                             0x000003f1   Thumb Code     2  startup_tm4c123.o(.text)
    I2C3_Handler                             0x000003f3   Thumb Code     2  startup_tm4c123.o(.text)
    TIMER4A_Handler                          0x000003f5   Thumb Code     2  startup_tm4c123.o(.text)
    TIMER4B_Handler                          0x000003f7   Thumb Code     2  startup_tm4c123.o(.text)
    TIMER5A_Handler                          0x000003f9   Thumb Code     2  startup_tm4c123.o(.text)
    TIMER5B_Handler                          0x000003fb   Thumb Code     2  startup_tm4c123.o(.text)
    WTIMER0A_Handler                         0x000003fd   Thumb Code     2  startup_tm4c123.o(.text)
    WTIMER0B_Handler                         0x000003ff   Thumb Code     2  startup_tm4c123.o(.text)
    WTIMER1A_Handler                         0x00000401   Thumb Code     2  startup_tm4c123.o(.text)
    WTIMER1B_Handler                         0x00000403   Thumb Code     2  startup_tm4c123.o(.text)
    WTIMER2A_Handler                         0x00000405   Thumb Code     2  startup_tm4c123.o(.text)
    WTIMER2B_Handler                         0x00000407   Thumb Code     2  startup_tm4c123.o(.text)
    WTIMER3A_Handler                         0x00000409   Thumb Code     2  startup_tm4c123.o(.text)
    WTIMER3B_Handler                         0x0000040b   Thumb Code     2  startup_tm4c123.o(.text)
    WTIMER4A_Handler                         0x0000040d   Thumb Code     2  startup_tm4c123.o(.text)
    WTIMER4B_Handler                         0x0000040f   Thumb Code     2  startup_tm4c123.o(.text)
    WTIMER5A_Handler                         0x00000411   Thumb Code     2  startup_tm4c123.o(.text)
    WTIMER5B_Handler                         0x00000413   Thumb Code     2  startup_tm4c123.o(.text)
    FPU_Handler                              0x00000415   Thumb Code     2  startup_tm4c123.o(.text)
    I2C4_Handler                             0x00000417   Thumb Code     2  startup_tm4c123.o(.text)
    I2C5_Handler                             0x00000419   Thumb Code     2  startup_tm4c123.o(.text)
    GPIOM_Handler                            0x0000041b   Thumb Code     2  startup_tm4c123.o(.text)
    GPION_Handler                            0x0000041d   Thumb Code     2  startup_tm4c123.o(.text)
    QEI2_Handler                             0x0000041f   Thumb Code     2  startup_tm4c123.o(.text)
    GPIOP0_Handler                           0x00000421   Thumb Code     2  startup_tm4c123.o(.text)
    GPIOP1_Handler                           0x00000423   Thumb Code     2  startup_tm4c123.o(.text)
    GPIOP2_Handler                           0x00000425   Thumb Code     2  startup_tm4c123.o(.text)
    GPIOP3_Handler                           0x00000427   Thumb Code     2  startup_tm4c123.o(.text)
    GPIOP4_Handler                           0x00000429   Thumb Code     2  startup_tm4c123.o(.text)
    GPIOP5_Handler                           0x0000042b   Thumb Code     2  startup_tm4c123.o(.text)
    GPIOP6_Handler                           0x0000042d   Thumb Code     2  startup_tm4c123.o(.text)
    GPIOP7_Handler                           0x0000042f   Thumb Code     2  startup_tm4c123.o(.text)
    GPIOQ0_Handler                           0x00000431   Thumb Code     2  startup_tm4c123.o(.text)
    GPIOQ1_Handler                           0x00000433   Thumb Code     2  startup_tm4c123.o(.text)
    GPIOQ2_Handler                           0x00000435   Thumb Code     2  startup_tm4c123.o(.text)
    GPIOQ3_Handler                           0x00000437   Thumb Code     2  startup_tm4c123.o(.text)
    GPIOQ4_Handler                           0x00000439   Thumb Code     2  startup_tm4c123.o(.text)
    GPIOQ5_Handler                           0x0000043b   Thumb Code     2  startup_tm4c123.o(.text)
    GPIOQ6_Handler                           0x0000043d   Thumb Code     2  startup_tm4c123.o(.text)
    GPIOQ7_Handler                           0x0000043f   Thumb Code     2  startup_tm4c123.o(.text)
    GPIOR_Handler                            0x00000441   Thumb Code     2  startup_tm4c123.o(.text)
    GPIOS_Handler                            0x00000443   Thumb Code     2  startup_tm4c123.o(.text)
    PMW1_0_Handler                           0x00000445   Thumb Code     2  startup_tm4c123.o(.text)
    PWM1_1_Handler                           0x00000447   Thumb Code     2  startup_tm4c123.o(.text)
    PWM1_2_Handler                           0x00000449   Thumb Code     2  startup_tm4c123.o(.text)
    PWM1_3_Handler                           0x0000044b   Thumb Code     2  startup_tm4c123.o(.text)
    PWM1_FAULT_Handler                       0x0000044d   Thumb Code     2  startup_tm4c123.o(.text)
    __user_initial_stackheap                 0x00000451   Thumb Code     0  startup_tm4c123.o(.text)
    __use_two_region_memory                  0x00000471   Thumb Code     2  heapauxi.o(.text)
    __rt_heap_escrow$2region                 0x00000473   Thumb Code     2  heapauxi.o(.text)
    __rt_heap_expand$2region                 0x00000475   Thumb Code     2  heapauxi.o(.text)
    __user_libspace                          0x00000479   Thumb Code     8  libspace.o(.text)
    __user_perproc_libspace                  0x00000479   Thumb Code     0  libspace.o(.text)
    __user_perthread_libspace                0x00000479   Thumb Code     0  libspace.o(.text)
    __user_setup_stackheap                   0x00000481   Thumb Code    74  sys_stackheap_outer.o(.text)
    exit                                     0x000004cb   Thumb Code    18  exit.o(.text)
    _sys_exit                                0x000004dd   Thumb Code     8  sys_exit.o(.text)
    __I$use$semihosting                      0x000004e9   Thumb Code     0  use_no_semi.o(.text)
    __use_no_semihosting_swi                 0x000004e9   Thumb Code     2  use_no_semi.o(.text)
    __semihosting_library_function           0x000004eb   Thumb Code     0  indicate_semi.o(.text)
    Delay                                    0x000004ed   Thumb Code    20  time.o(i.Delay)
    GPIODirModeSet                           0x00000505   Thumb Code    46  gpio.o(i.GPIODirModeSet)
    GPIOIntClear                             0x00000533   Thumb Code     6  gpio.o(i.GPIOIntClear)
    GPIOIntEnable                            0x00000539   Thumb Code    12  gpio.o(i.GPIOIntEnable)
    GPIOIntRegister                          0x00000545   Thumb Code    28  gpio.o(i.GPIOIntRegister)
    GPIOIntStatus                            0x00000561   Thumb Code    16  gpio.o(i.GPIOIntStatus)
    GPIOIntTypeSet                           0x00000571   Thumb Code    94  gpio.o(i.GPIOIntTypeSet)
    GPIOPadConfigSet                         0x000005cf   Thumb Code   334  gpio.o(i.GPIOPadConfigSet)
    GPIOPinConfigure                         0x0000071d   Thumb Code    62  gpio.o(i.GPIOPinConfigure)
    GPIOPinRead                              0x00000765   Thumb Code     6  gpio.o(i.GPIOPinRead)
    GPIOPinTypeGPIOInput                     0x0000076b   Thumb Code    32  gpio.o(i.GPIOPinTypeGPIOInput)
    GPIOPinTypeGPIOOutput                    0x0000078b   Thumb Code    32  gpio.o(i.GPIOPinTypeGPIOOutput)
    GPIOPinTypeI2C                           0x000007ab   Thumb Code    32  gpio.o(i.GPIOPinTypeI2C)
    GPIOPinTypeI2CSCL                        0x000007cb   Thumb Code    32  gpio.o(i.GPIOPinTypeI2CSCL)
    GPIOPinTypePWM                           0x000007eb   Thumb Code    32  gpio.o(i.GPIOPinTypePWM)
    GPIOPinTypeUART                          0x0000080b   Thumb Code    32  gpio.o(i.GPIOPinTypeUART)
    GPIOPinWrite                             0x0000082b   Thumb Code     6  gpio.o(i.GPIOPinWrite)
    GreenLed                                 0x00000831   Thumb Code    18  buzzer.o(i.GreenLed)
    I2CMasterBusy                            0x00000849   Thumb Code    14  i2c.o(i.I2CMasterBusy)
    I2CMasterControl                         0x00000857   Thumb Code     4  i2c.o(i.I2CMasterControl)
    I2CMasterDataGet                         0x0000085b   Thumb Code     4  i2c.o(i.I2CMasterDataGet)
    I2CMasterDataPut                         0x0000085f   Thumb Code     4  i2c.o(i.I2CMasterDataPut)
    I2CMasterEnable                          0x00000863   Thumb Code    10  i2c.o(i.I2CMasterEnable)
    I2CMasterInitExpClk                      0x0000086d   Thumb Code    74  i2c.o(i.I2CMasterInitExpClk)
    I2CMasterSlaveAddrSet                    0x000008c5   Thumb Code     8  i2c.o(i.I2CMasterSlaveAddrSet)
    IntEnable                                0x000008cd   Thumb Code    88  interrupt.o(i.IntEnable)
    IntMasterEnable                          0x0000092d   Thumb Code    14  interrupt.o(i.IntMasterEnable)
    IntPrioritySet                           0x0000093d   Thumb Code    30  interrupt.o(i.IntPrioritySet)
    IntRegister                              0x00000961   Thumb Code    38  interrupt.o(i.IntRegister)
    MPUtestConnection                        0x00000991   Thumb Code    60  mpu.o(i.MPUtestConnection)
    PWMGenConfigure                          0x000009ed   Thumb Code    38  pwm.o(i.PWMGenConfigure)
    PWMGenEnable                             0x00000a19   Thumb Code    10  pwm.o(i.PWMGenEnable)
    PWMGenPeriodSet                          0x00000a23   Thumb Code    20  pwm.o(i.PWMGenPeriodSet)
    PWMOutputState                           0x00000a37   Thumb Code    20  pwm.o(i.PWMOutputState)
    PWMPulseWidthSet                         0x00000a4b   Thumb Code    30  pwm.o(i.PWMPulseWidthSet)
    RXChannel                                0x00000a69   Thumb Code   310  rx.o(i.RXChannel)
    RedLed                                   0x00000ba9   Thumb Code    18  buzzer.o(i.RedLed)
    SysCtlClockGet                           0x00000bc1   Thumb Code   286  sysctl.o(i.SysCtlClockGet)
    SysCtlClockSet                           0x00000d05   Thumb Code   220  sysctl.o(i.SysCtlClockSet)
    SysCtlPWMClockSet                        0x00000df1   Thumb Code    14  sysctl.o(i.SysCtlPWMClockSet)
    SysCtlPeripheralEnable                   0x00000e05   Thumb Code    36  sysctl.o(i.SysCtlPeripheralEnable)
    SysCtlPeripheralPresent                  0x00000e2d   Thumb Code    40  sysctl.o(i.SysCtlPeripheralPresent)
    SysTickEnable                            0x00000e59   Thumb Code    14  systick.o(i.SysTickEnable)
    SysTickIntEnable                         0x00000e67   Thumb Code    14  systick.o(i.SysTickIntEnable)
    SysTickIntRegister                       0x00000e85   Thumb Code    24  systick.o(i.SysTickIntRegister)
    SysTickPeriodSet                         0x00000e9d   Thumb Code    10  systick.o(i.SysTickPeriodSet)
    SystemInit                               0x00000ea9   Thumb Code    12  system_tm4c123.o(i.SystemInit)
    UARTCharPut                              0x00000eb9   Thumb Code    10  uart.o(i.UARTCharPut)
    UARTClockSourceSet                       0x00000ec3   Thumb Code     6  uart.o(i.UARTClockSourceSet)
    UARTConfigSetExpClk                      0x00000ec9   Thumb Code    76  uart.o(i.UARTConfigSetExpClk)
    UARTDisable                              0x00000f15   Thumb Code    26  uart.o(i.UARTDisable)
    UARTEnable                               0x00000f2f   Thumb Code    20  uart.o(i.UARTEnable)
    UARTStdioConfig                          0x00000f45   Thumb Code    70  main.o(i.UARTStdioConfig)
    UARTprintf                               0x00000f95   Thumb Code    18  main.o(i.UARTprintf)
    UARTvprintf                              0x00000fa9   Thumb Code   470  main.o(i.UARTvprintf)
    UARTwrite                                0x00001191   Thumb Code    48  main.o(i.UARTwrite)
    __ARM_fpclassify                         0x0000120d   Thumb Code    48  fpclassify.o(i.__ARM_fpclassify)
    __hardfp_atan                            0x00001241   Thumb Code   622  atan.o(i.__hardfp_atan)
    __hardfp_atan2                           0x00001519   Thumb Code   432  atan2.o(i.__hardfp_atan2)
    __kernel_poly                            0x00001709   Thumb Code   248  poly.o(i.__kernel_poly)
    __mathlib_dbl_infnan                     0x00001801   Thumb Code    20  dunder.o(i.__mathlib_dbl_infnan)
    __mathlib_dbl_infnan2                    0x00001815   Thumb Code    20  dunder.o(i.__mathlib_dbl_infnan2)
    __mathlib_dbl_underflow                  0x00001829   Thumb Code    24  dunder.o(i.__mathlib_dbl_underflow)
    atan                                     0x00001849   Thumb Code    16  atan.o(i.atan)
    constrain                                0x00001859   Thumb Code    30  mat.o(i.constrain)
    dataReadyMPU                             0x00001879   Thumb Code     8  mpu.o(i.dataReadyMPU)
    fabs                                     0x00001885   Thumb Code    24  fabs.o(i.fabs)
    getGyroX                                 0x0000189d   Thumb Code     8  mpu.o(i.getGyroX)
    getGyroY                                 0x000018a9   Thumb Code     8  mpu.o(i.getGyroY)
    getGyroZ                                 0x000018b5   Thumb Code     8  mpu.o(i.getGyroZ)
    getMPUangleX                             0x000018c1   Thumb Code     8  mpu.o(i.getMPUangleX)
    getMPUangleY                             0x000018cd   Thumb Code    12  mpu.o(i.getMPUangleY)
    getRXchannel                             0x000018dd   Thumb Code    34  rx.o(i.getRXchannel)
    initBuzzer                               0x00001915   Thumb Code    34  buzzer.o(i.initBuzzer)
    initI2C                                  0x00001941   Thumb Code    74  i2c_1.o(i.initI2C)
    initLEDS                                 0x000019a5   Thumb Code    26  lights.o(i.initLEDS)
    initMPU6050                              0x000019c9   Thumb Code    96  mpu.o(i.initMPU6050)
    initPWM                                  0x00001a31   Thumb Code   144  pwm_1.o(i.initPWM)
    initRX                                   0x00001ae5   Thumb Code    64  rx.o(i.initRX)
    initTime                                 0x00001b2d   Thumb Code    26  time.o(i.initTime)
    initUart                                 0x00001b4d   Thumb Code    68  uart_1.o(i.initUart)
    led_B                                    0x00001ba1   Thumb Code    18  lights.o(i.led_B)
    led_F                                    0x00001bb9   Thumb Code    18  lights.o(i.led_F)
    led_L                                    0x00001bd1   Thumb Code    18  lights.o(i.led_L)
    led_R                                    0x00001be9   Thumb Code    18  lights.o(i.led_R)
    main                                     0x00001c01   Thumb Code   860  main.o(i.main)
    mapf                                     0x00001f9d   Thumb Code    26  mat.o(i.mapf)
    micros                                   0x00001fb9   Thumb Code     6  time.o(i.micros)
    ratePID                                  0x00001fc5   Thumb Code   666  pid.o(i.ratePID)
    readI2C                                  0x00002269   Thumb Code    88  i2c_1.o(i.readI2C)
    readMPU                                  0x000022c5   Thumb Code   686  mpu.o(i.readMPU)
    stabilizePID                             0x000025a9   Thumb Code   738  pid.o(i.stabilizePID)
    writeI2C                                 0x000028a1   Thumb Code    72  i2c_1.o(i.writeI2C)
    writeMotorB                              0x000028ed   Thumb Code    42  pwm_1.o(i.writeMotorB)
    writeMotorF                              0x0000292d   Thumb Code    42  pwm_1.o(i.writeMotorF)
    writeMotorL                              0x0000296d   Thumb Code    42  pwm_1.o(i.writeMotorL)
    writeMotorR                              0x000029ad   Thumb Code    42  pwm_1.o(i.writeMotorR)
    __aeabi_dneg                             0x000029ed   Thumb Code     0  basic.o(x$fpl$basic)
    _dneg                                    0x000029ed   Thumb Code     6  basic.o(x$fpl$basic)
    __aeabi_fneg                             0x000029f3   Thumb Code     0  basic.o(x$fpl$basic)
    _fneg                                    0x000029f3   Thumb Code     6  basic.o(x$fpl$basic)
    _dabs                                    0x000029f9   Thumb Code     6  basic.o(x$fpl$basic)
    _fabs                                    0x000029ff   Thumb Code     6  basic.o(x$fpl$basic)
    __aeabi_d2f                              0x00002a05   Thumb Code     0  d2f.o(x$fpl$d2f)
    _d2f                                     0x00002a05   Thumb Code    98  d2f.o(x$fpl$d2f)
    __aeabi_dadd                             0x00002a69   Thumb Code     0  daddsub_clz.o(x$fpl$dadd)
    _dadd                                    0x00002a69   Thumb Code   332  daddsub_clz.o(x$fpl$dadd)
    __aeabi_ddiv                             0x00002bb9   Thumb Code     0  ddiv.o(x$fpl$ddiv)
    _ddiv                                    0x00002bb9   Thumb Code   552  ddiv.o(x$fpl$ddiv)
    __aeabi_i2d                              0x00002e69   Thumb Code     0  dflt_clz.o(x$fpl$dflt)
    _dflt                                    0x00002e69   Thumb Code    46  dflt_clz.o(x$fpl$dflt)
    __aeabi_ui2d                             0x00002e97   Thumb Code     0  dflt_clz.o(x$fpl$dfltu)
    _dfltu                                   0x00002e97   Thumb Code    38  dflt_clz.o(x$fpl$dfltu)
    __aeabi_dmul                             0x00002ebd   Thumb Code     0  dmul.o(x$fpl$dmul)
    _dmul                                    0x00002ebd   Thumb Code   332  dmul.o(x$fpl$dmul)
    __fpl_dnaninf                            0x00003011   Thumb Code   156  dnaninf.o(x$fpl$dnaninf)
    __fpl_dretinf                            0x000030ad   Thumb Code    12  dretinf.o(x$fpl$dretinf)
    __aeabi_drsub                            0x000030b9   Thumb Code     0  daddsub_clz.o(x$fpl$drsb)
    _drsb                                    0x000030b9   Thumb Code    22  daddsub_clz.o(x$fpl$drsb)
    __aeabi_dsub                             0x000030d1   Thumb Code     0  daddsub_clz.o(x$fpl$dsub)
    _dsub                                    0x000030d1   Thumb Code   464  daddsub_clz.o(x$fpl$dsub)
    __aeabi_f2d                              0x000032a5   Thumb Code     0  f2d.o(x$fpl$f2d)
    _f2d                                     0x000032a5   Thumb Code    86  f2d.o(x$fpl$f2d)
    __fpl_fnaninf                            0x000032fb   Thumb Code   140  fnaninf.o(x$fpl$fnaninf)
    _fp_init                                 0x00003387   Thumb Code    10  fpinit.o(x$fpl$fpinit)
    __fplib_config_fpu_vfp                   0x0000338f   Thumb Code     0  fpinit.o(x$fpl$fpinit)
    __fplib_config_pureend_doubles           0x0000338f   Thumb Code     0  fpinit.o(x$fpl$fpinit)
    __fpl_fretinf                            0x00003391   Thumb Code    10  fretinf.o(x$fpl$fretinf)
    __I$use$fp                               0x0000339a   Number         0  usenofp.o(x$fpl$usenofp)
    __mathlib_zero                           0x000039d8   Data           8  qnan.o(.constdata)
    Region$$Table$$Base                      0x00003a4c   Number         0  anon$$obj.o(Region$$Table)
    Region$$Table$$Limit                     0x00003a6c   Number         0  anon$$obj.o(Region$$Table)
    WhoAmI                                   0x20000008   Data           4  mpu.o(.data)
    accXout_L                                0x2000000c   Data           4  mpu.o(.data)
    accXout_H                                0x20000010   Data           4  mpu.o(.data)
    accXout                                  0x20000014   Data           4  mpu.o(.data)
    accYout_L                                0x20000018   Data           4  mpu.o(.data)
    accYout_H                                0x2000001c   Data           4  mpu.o(.data)
    accYout                                  0x20000020   Data           4  mpu.o(.data)
    accZout_L                                0x20000024   Data           4  mpu.o(.data)
    accZout_H                                0x20000028   Data           4  mpu.o(.data)
    accZout                                  0x2000002c   Data           4  mpu.o(.data)
    gyroXout_L                               0x20000030   Data           4  mpu.o(.data)
    gyroXout_H                               0x20000034   Data           4  mpu.o(.data)
    gyroXout                                 0x20000038   Data           4  mpu.o(.data)
    gyroYout_L                               0x2000003c   Data           4  mpu.o(.data)
    gyroYout_H                               0x20000040   Data           4  mpu.o(.data)
    gyroYout                                 0x20000044   Data           4  mpu.o(.data)
    gyroZout_L                               0x20000048   Data           4  mpu.o(.data)
    gyroZout_H                               0x2000004c   Data           4  mpu.o(.data)
    gyroZout                                 0x20000050   Data           4  mpu.o(.data)
    gyroZos                                  0x20000054   Data           4  mpu.o(.data)
    P                                        0x20000058   Data           4  pid.o(.data)
    I                                        0x2000005c   Data           4  pid.o(.data)
    D                                        0x20000060   Data           4  pid.o(.data)
    Kp                                       0x20000064   Data           4  pid.o(.data)
    Ki                                       0x20000068   Data           4  pid.o(.data)
    Kd                                       0x2000006c   Data           4  pid.o(.data)
    Prz                                      0x20000070   Data           4  pid.o(.data)
    Irz                                      0x20000074   Data           4  pid.o(.data)
    Drz                                      0x20000078   Data           4  pid.o(.data)
    Psz                                      0x2000007c   Data           4  pid.o(.data)
    Isz                                      0x20000080   Data           4  pid.o(.data)
    Dsz                                      0x20000084   Data           4  pid.o(.data)
    deltaErrSx                               0x20000088   Data           4  pid.o(.data)
    LastErrorSx                              0x2000008c   Data           4  pid.o(.data)
    deltaErrSy                               0x20000090   Data           4  pid.o(.data)
    LastErrorSy                              0x20000094   Data           4  pid.o(.data)
    deltaErrRx                               0x20000098   Data           4  pid.o(.data)
    LastErrorRx                              0x2000009c   Data           4  pid.o(.data)
    deltaErrRy                               0x200000a0   Data           4  pid.o(.data)
    LastErrorRy                              0x200000a4   Data           4  pid.o(.data)
    deltaErrRz                               0x200000a8   Data           4  pid.o(.data)
    LastErrorRz                              0x200000ac   Data           4  pid.o(.data)
    deltaErrSz                               0x200000b0   Data           4  pid.o(.data)
    LastErrorSz                              0x200000b4   Data           4  pid.o(.data)
    MAX                                      0x200000b8   Data           4  pid.o(.data)
    MIN                                      0x200000bc   Data           4  pid.o(.data)
    errorSx                                  0x200000c0   Data           4  pid.o(.data)
    errorSy                                  0x200000c4   Data           4  pid.o(.data)
    errorRx                                  0x200000c8   Data           4  pid.o(.data)
    errorRy                                  0x200000cc   Data           4  pid.o(.data)
    errorRz                                  0x200000d0   Data           4  pid.o(.data)
    errorSz                                  0x200000d4   Data           4  pid.o(.data)
    errSumSx                                 0x200000d8   Data           8  pid.o(.data)
    errSumRx                                 0x200000e0   Data           8  pid.o(.data)
    errSumRz                                 0x200000e8   Data           8  pid.o(.data)
    errSumSy                                 0x200000f0   Data           8  pid.o(.data)
    errSumRy                                 0x200000f8   Data           8  pid.o(.data)
    errSumSz                                 0x20000100   Data           8  pid.o(.data)
    RisingEdge1                              0x20000108   Data           4  rx.o(.data)
    RisingEdge2                              0x2000010c   Data           4  rx.o(.data)
    RisingEdge3                              0x20000110   Data           4  rx.o(.data)
    RisingEdge4                              0x20000114   Data           4  rx.o(.data)
    RisingEdge5                              0x20000118   Data           4  rx.o(.data)
    RisingEdge6                              0x2000011c   Data           4  rx.o(.data)
    microsec                                 0x20000120   Data           4  time.o(.data)
    period                                   0x20000124   Data           4  pwm_1.o(.data)
    accXos                                   0x2000066c   Data          12  mpu.o(.bss)
    accYos                                   0x20000678   Data          12  mpu.o(.bss)
    gyroXos                                  0x20000684   Data          12  mpu.o(.bss)
    gyroYos                                  0x20000690   Data          12  mpu.o(.bss)
    fiXos                                    0x2000069c   Data          12  mpu.o(.bss)
    fiYos                                    0x200006a8   Data          12  mpu.o(.bss)
    __libspace_start                         0x200006c0   Data          96  libspace.o(.bss)
    __temporary_stack_top$libspace           0x20000720   Data           0  libspace.o(.bss)



==============================================================================

Memory Map of the image

  Image Entry point : 0x0000035d

  Load Region LR_1 (Base: 0x00000000, Size: 0x000040d8, Max: 0xffffffff, ABSOLUTE, COMPRESSED[0x00003a9c])

    Execution Region ER_RO (Exec base: 0x00000000, Load base: 0x00000000, Size: 0x00003a6c, Max: 0xffffffff, ABSOLUTE)

    Exec Addr    Load Addr    Size         Type   Attr      Idx    E Section Name        Object

    0x00000000   0x00000000   0x0000026c   Data   RO         6466    RESET               startup_tm4c123.o
    0x0000026c   0x0000026c   0x00000008   Code   RO         6538  * !!!main             c_w.l(__main.o)
    0x00000274   0x00000274   0x00000034   Code   RO         6788    !!!scatter          c_w.l(__scatter.o)
    0x000002a8   0x000002a8   0x0000003a   Code   RO         6786    !!dczerorl          c_w.l(__dczerorl.o)
    0x000002e2   0x000002e2   0x00000002   PAD
    0x000002e4   0x000002e4   0x0000001c   Code   RO         6790    !!handler_zi        c_w.l(__scatter_zi.o)
    0x00000300   0x00000300   0x00000002   Code   RO         6659    .ARM.Collect$$libinit$$00000000  c_w.l(libinit.o)
    0x00000302   0x00000302   0x00000004   Code   RO         6662    .ARM.Collect$$libinit$$00000001  c_w.l(libinit2.o)
    0x00000306   0x00000306   0x00000000   Code   RO         6665    .ARM.Collect$$libinit$$00000004  c_w.l(libinit2.o)
    0x00000306   0x00000306   0x00000000   Code   RO         6668    .ARM.Collect$$libinit$$0000000A  c_w.l(libinit2.o)
    0x00000306   0x00000306   0x00000000   Code   RO         6670    .ARM.Collect$$libinit$$0000000C  c_w.l(libinit2.o)
    0x00000306   0x00000306   0x00000000   Code   RO         6672    .ARM.Collect$$libinit$$0000000E  c_w.l(libinit2.o)
    0x00000306   0x00000306   0x00000000   Code   RO         6675    .ARM.Collect$$libinit$$00000011  c_w.l(libinit2.o)
    0x00000306   0x00000306   0x00000000   Code   RO         6677    .ARM.Collect$$libinit$$00000013  c_w.l(libinit2.o)
    0x00000306   0x00000306   0x00000000   Code   RO         6679    .ARM.Collect$$libinit$$00000015  c_w.l(libinit2.o)
    0x00000306   0x00000306   0x00000000   Code   RO         6681    .ARM.Collect$$libinit$$00000017  c_w.l(libinit2.o)
    0x00000306   0x00000306   0x00000000   Code   RO         6683    .ARM.Collect$$libinit$$00000019  c_w.l(libinit2.o)
    0x00000306   0x00000306   0x00000000   Code   RO         6685    .ARM.Collect$$libinit$$0000001B  c_w.l(libinit2.o)
    0x00000306   0x00000306   0x00000000   Code   RO         6687    .ARM.Collect$$libinit$$0000001D  c_w.l(libinit2.o)
    0x00000306   0x00000306   0x00000000   Code   RO         6689    .ARM.Collect$$libinit$$0000001F  c_w.l(libinit2.o)
    0x00000306   0x00000306   0x00000000   Code   RO         6691    .ARM.Collect$$libinit$$00000021  c_w.l(libinit2.o)
    0x00000306   0x00000306   0x00000000   Code   RO         6693    .ARM.Collect$$libinit$$00000023  c_w.l(libinit2.o)
    0x00000306   0x00000306   0x00000000   Code   RO         6695    .ARM.Collect$$libinit$$00000025  c_w.l(libinit2.o)
    0x00000306   0x00000306   0x00000000   Code   RO         6699    .ARM.Collect$$libinit$$0000002C  c_w.l(libinit2.o)
    0x00000306   0x00000306   0x00000000   Code   RO         6701    .ARM.Collect$$libinit$$0000002E  c_w.l(libinit2.o)
    0x00000306   0x00000306   0x00000000   Code   RO         6703    .ARM.Collect$$libinit$$00000030  c_w.l(libinit2.o)
    0x00000306   0x00000306   0x00000000   Code   RO         6705    .ARM.Collect$$libinit$$00000032  c_w.l(libinit2.o)
    0x00000306   0x00000306   0x00000002   Code   RO         6706    .ARM.Collect$$libinit$$00000033  c_w.l(libinit2.o)
    0x00000308   0x00000308   0x00000002   Code   RO         6726    .ARM.Collect$$libshutdown$$00000000  c_w.l(libshutdown.o)
    0x0000030a   0x0000030a   0x00000000   Code   RO         6739    .ARM.Collect$$libshutdown$$00000002  c_w.l(libshutdown2.o)
    0x0000030a   0x0000030a   0x00000000   Code   RO         6741    .ARM.Collect$$libshutdown$$00000004  c_w.l(libshutdown2.o)
    0x0000030a   0x0000030a   0x00000000   Code   RO         6744    .ARM.Collect$$libshutdown$$00000007  c_w.l(libshutdown2.o)
    0x0000030a   0x0000030a   0x00000000   Code   RO         6747    .ARM.Collect$$libshutdown$$0000000A  c_w.l(libshutdown2.o)
    0x0000030a   0x0000030a   0x00000000   Code   RO         6749    .ARM.Collect$$libshutdown$$0000000C  c_w.l(libshutdown2.o)
    0x0000030a   0x0000030a   0x00000000   Code   RO         6752    .ARM.Collect$$libshutdown$$0000000F  c_w.l(libshutdown2.o)
    0x0000030a   0x0000030a   0x00000002   Code   RO         6753    .ARM.Collect$$libshutdown$$00000010  c_w.l(libshutdown2.o)
    0x0000030c   0x0000030c   0x00000000   Code   RO         6574    .ARM.Collect$$rtentry$$00000000  c_w.l(__rtentry.o)
    0x0000030c   0x0000030c   0x00000000   Code   RO         6624    .ARM.Collect$$rtentry$$00000002  c_w.l(__rtentry2.o)
    0x0000030c   0x0000030c   0x00000006   Code   RO         6636    .ARM.Collect$$rtentry$$00000004  c_w.l(__rtentry4.o)
    0x00000312   0x00000312   0x00000000   Code   RO         6626    .ARM.Collect$$rtentry$$00000009  c_w.l(__rtentry2.o)
    0x00000312   0x00000312   0x00000004   Code   RO         6627    .ARM.Collect$$rtentry$$0000000A  c_w.l(__rtentry2.o)
    0x00000316   0x00000316   0x00000000   Code   RO         6629    .ARM.Collect$$rtentry$$0000000C  c_w.l(__rtentry2.o)
    0x00000316   0x00000316   0x00000008   Code   RO         6630    .ARM.Collect$$rtentry$$0000000D  c_w.l(__rtentry2.o)
    0x0000031e   0x0000031e   0x00000002   Code   RO         6660    .ARM.Collect$$rtexit$$00000000  c_w.l(rtexit.o)
    0x00000320   0x00000320   0x00000000   Code   RO         6708    .ARM.Collect$$rtexit$$00000002  c_w.l(rtexit2.o)
    0x00000320   0x00000320   0x00000004   Code   RO         6709    .ARM.Collect$$rtexit$$00000003  c_w.l(rtexit2.o)
    0x00000324   0x00000324   0x00000006   Code   RO         6710    .ARM.Collect$$rtexit$$00000004  c_w.l(rtexit2.o)
    0x0000032a   0x0000032a   0x00000002   PAD
    0x0000032c   0x0000032c   0x00000026   Code   RO         1196    .emb_text           cpu.o
    0x00000352   0x00000352   0x00000002   PAD
    0x00000354   0x00000354   0x00000006   Code   RO         3955    .emb_text           sysctl.o
    0x0000035a   0x0000035a   0x00000002   PAD
    0x0000035c   0x0000035c   0x00000114   Code   RO         6467  * .text               startup_tm4c123.o
    0x00000470   0x00000470   0x00000006   Code   RO         6536    .text               c_w.l(heapauxi.o)
    0x00000476   0x00000476   0x00000002   PAD
    0x00000478   0x00000478   0x00000008   Code   RO         6647    .text               c_w.l(libspace.o)
    0x00000480   0x00000480   0x0000004a   Code   RO         6650    .text               c_w.l(sys_stackheap_outer.o)
    0x000004ca   0x000004ca   0x00000012   Code   RO         6652    .text               c_w.l(exit.o)
    0x000004dc   0x000004dc   0x0000000c   Code   RO         6718    .text               c_w.l(sys_exit.o)
    0x000004e8   0x000004e8   0x00000002   Code   RO         6729    .text               c_w.l(use_no_semi.o)
    0x000004ea   0x000004ea   0x00000000   Code   RO         6731    .text               c_w.l(indicate_semi.o)
    0x000004ea   0x000004ea   0x00000002   PAD
    0x000004ec   0x000004ec   0x00000018   Code   RO          336    i.Delay             time.o
    0x00000504   0x00000504   0x0000002e   Code   RO         2451    i.GPIODirModeSet    gpio.o
    0x00000532   0x00000532   0x00000006   Code   RO         2452    i.GPIOIntClear      gpio.o
    0x00000538   0x00000538   0x0000000c   Code   RO         2454    i.GPIOIntEnable     gpio.o
    0x00000544   0x00000544   0x0000001c   Code   RO         2455    i.GPIOIntRegister   gpio.o
    0x00000560   0x00000560   0x00000010   Code   RO         2457    i.GPIOIntStatus     gpio.o
    0x00000570   0x00000570   0x0000005e   Code   RO         2459    i.GPIOIntTypeSet    gpio.o
    0x000005ce   0x000005ce   0x0000014e   Code   RO         2463    i.GPIOPadConfigSet  gpio.o
    0x0000071c   0x0000071c   0x00000048   Code   RO         2464    i.GPIOPinConfigure  gpio.o
    0x00000764   0x00000764   0x00000006   Code   RO         2465    i.GPIOPinRead       gpio.o
    0x0000076a   0x0000076a   0x00000020   Code   RO         2474    i.GPIOPinTypeGPIOInput  gpio.o
    0x0000078a   0x0000078a   0x00000020   Code   RO         2475    i.GPIOPinTypeGPIOOutput  gpio.o
    0x000007aa   0x000007aa   0x00000020   Code   RO         2478    i.GPIOPinTypeI2C    gpio.o
    0x000007ca   0x000007ca   0x00000020   Code   RO         2479    i.GPIOPinTypeI2CSCL  gpio.o
    0x000007ea   0x000007ea   0x00000020   Code   RO         2482    i.GPIOPinTypePWM    gpio.o
    0x0000080a   0x0000080a   0x00000020   Code   RO         2487    i.GPIOPinTypeUART   gpio.o
    0x0000082a   0x0000082a   0x00000006   Code   RO         2493    i.GPIOPinWrite      gpio.o
    0x00000830   0x00000830   0x00000018   Code   RO          377    i.GreenLed          buzzer.o
    0x00000848   0x00000848   0x0000000e   Code   RO         5894    i.I2CMasterBusy     i2c.o
    0x00000856   0x00000856   0x00000004   Code   RO         5895    i.I2CMasterControl  i2c.o
    0x0000085a   0x0000085a   0x00000004   Code   RO         5896    i.I2CMasterDataGet  i2c.o
    0x0000085e   0x0000085e   0x00000004   Code   RO         5897    i.I2CMasterDataPut  i2c.o
    0x00000862   0x00000862   0x0000000a   Code   RO         5899    i.I2CMasterEnable   i2c.o
    0x0000086c   0x0000086c   0x00000058   Code   RO         5902    i.I2CMasterInitExpClk  i2c.o
    0x000008c4   0x000008c4   0x00000008   Code   RO         5912    i.I2CMasterSlaveAddrSet  i2c.o
    0x000008cc   0x000008cc   0x00000060   Code   RO         3090    i.IntEnable         interrupt.o
    0x0000092c   0x0000092c   0x0000000e   Code   RO         3093    i.IntMasterEnable   interrupt.o
    0x0000093a   0x0000093a   0x00000002   PAD
    0x0000093c   0x0000093c   0x00000024   Code   RO         3101    i.IntPrioritySet    interrupt.o
    0x00000960   0x00000960   0x00000030   Code   RO         3102    i.IntRegister       interrupt.o
    0x00000990   0x00000990   0x0000005c   Code   RO          188    i.MPUtestConnection  mpu.o
    0x000009ec   0x000009ec   0x0000002c   Code   RO         6234    i.PWMGenConfigure   pwm.o
    0x00000a18   0x00000a18   0x0000000a   Code   RO         6236    i.PWMGenEnable      pwm.o
    0x00000a22   0x00000a22   0x00000014   Code   RO         6249    i.PWMGenPeriodSet   pwm.o
    0x00000a36   0x00000a36   0x00000014   Code   RO         6256    i.PWMOutputState    pwm.o
    0x00000a4a   0x00000a4a   0x0000001e   Code   RO         6259    i.PWMPulseWidthSet  pwm.o
    0x00000a68   0x00000a68   0x00000140   Code   RO          285    i.RXChannel         rx.o
    0x00000ba8   0x00000ba8   0x00000018   Code   RO          379    i.RedLed            buzzer.o
    0x00000bc0   0x00000bc0   0x00000144   Code   RO         3958    i.SysCtlClockGet    sysctl.o
    0x00000d04   0x00000d04   0x000000ec   Code   RO         3960    i.SysCtlClockSet    sysctl.o
    0x00000df0   0x00000df0   0x00000014   Code   RO         3984    i.SysCtlPWMClockSet  sysctl.o
    0x00000e04   0x00000e04   0x00000028   Code   RO         3989    i.SysCtlPeripheralEnable  sysctl.o
    0x00000e2c   0x00000e2c   0x0000002c   Code   RO         3992    i.SysCtlPeripheralPresent  sysctl.o
    0x00000e58   0x00000e58   0x0000000e   Code   RO         4358    i.SysTickEnable     systick.o
    0x00000e66   0x00000e66   0x0000000e   Code   RO         4360    i.SysTickIntEnable  systick.o
    0x00000e74   0x00000e74   0x00000010   Code   RO          337    i.SysTickIntHandler  time.o
    0x00000e84   0x00000e84   0x00000018   Code   RO         4361    i.SysTickIntRegister  systick.o
    0x00000e9c   0x00000e9c   0x0000000a   Code   RO         4364    i.SysTickPeriodSet  systick.o
    0x00000ea6   0x00000ea6   0x00000002   PAD
    0x00000ea8   0x00000ea8   0x00000010   Code   RO         6475    i.SystemInit        system_tm4c123.o
    0x00000eb8   0x00000eb8   0x0000000a   Code   RO         5596    i.UARTCharPut       uart.o
    0x00000ec2   0x00000ec2   0x00000006   Code   RO         5600    i.UARTClockSourceSet  uart.o
    0x00000ec8   0x00000ec8   0x0000004c   Code   RO         5602    i.UARTConfigSetExpClk  uart.o
    0x00000f14   0x00000f14   0x0000001a   Code   RO         5605    i.UARTDisable       uart.o
    0x00000f2e   0x00000f2e   0x00000014   Code   RO         5607    i.UARTEnable        uart.o
    0x00000f42   0x00000f42   0x00000002   PAD
    0x00000f44   0x00000f44   0x00000050   Code   RO            1    i.UARTStdioConfig   main.o
    0x00000f94   0x00000f94   0x00000012   Code   RO            4    i.UARTprintf        main.o
    0x00000fa6   0x00000fa6   0x00000002   PAD
    0x00000fa8   0x00000fa8   0x000001e8   Code   RO            5    i.UARTvprintf       main.o
    0x00001190   0x00001190   0x00000034   Code   RO            6    i.UARTwrite         main.o
    0x000011c4   0x000011c4   0x00000048   Code   RO         2494    i._GPIOIntNumberGet  gpio.o
    0x0000120c   0x0000120c   0x00000030   Code   RO         6643    i.__ARM_fpclassify  m_wm.l(fpclassify.o)
    0x0000123c   0x0000123c   0x00000004   PAD
    0x00001240   0x00001240   0x000002d8   Code   RO         6588    i.__hardfp_atan     m_wm.l(atan.o)
    0x00001518   0x00001518   0x000001f0   Code   RO         6562    i.__hardfp_atan2    m_wm.l(atan2.o)
    0x00001708   0x00001708   0x000000f8   Code   RO         6645    i.__kernel_poly     m_wm.l(poly.o)
    0x00001800   0x00001800   0x00000014   Code   RO         6603    i.__mathlib_dbl_infnan  m_wm.l(dunder.o)
    0x00001814   0x00001814   0x00000014   Code   RO         6604    i.__mathlib_dbl_infnan2  m_wm.l(dunder.o)
    0x00001828   0x00001828   0x00000020   Code   RO         6608    i.__mathlib_dbl_underflow  m_wm.l(dunder.o)
    0x00001848   0x00001848   0x00000010   Code   RO         6590    i.atan              m_wm.l(atan.o)
    0x00001858   0x00001858   0x0000001e   Code   RO          166    i.constrain         mat.o
    0x00001876   0x00001876   0x00000002   PAD
    0x00001878   0x00001878   0x0000000c   Code   RO          189    i.dataReadyMPU      mpu.o
    0x00001884   0x00001884   0x00000018   Code   RO         6618    i.fabs              m_wm.l(fabs.o)
    0x0000189c   0x0000189c   0x0000000c   Code   RO          190    i.getGyroX          mpu.o
    0x000018a8   0x000018a8   0x0000000c   Code   RO          191    i.getGyroY          mpu.o
    0x000018b4   0x000018b4   0x0000000c   Code   RO          192    i.getGyroZ          mpu.o
    0x000018c0   0x000018c0   0x0000000c   Code   RO          193    i.getMPUangleX      mpu.o
    0x000018cc   0x000018cc   0x00000010   Code   RO          194    i.getMPUangleY      mpu.o
    0x000018dc   0x000018dc   0x00000038   Code   RO          286    i.getRXchannel      rx.o
    0x00001914   0x00001914   0x0000002c   Code   RO          380    i.initBuzzer        buzzer.o
    0x00001940   0x00001940   0x00000064   Code   RO          443    i.initI2C           i2c_1.o
    0x000019a4   0x000019a4   0x00000024   Code   RO          509    i.initLEDS          lights.o
    0x000019c8   0x000019c8   0x00000068   Code   RO          195    i.initMPU6050       mpu.o
    0x00001a30   0x00001a30   0x000000b4   Code   RO          470    i.initPWM           pwm_1.o
    0x00001ae4   0x00001ae4   0x00000048   Code   RO          287    i.initRX            rx.o
    0x00001b2c   0x00001b2c   0x00000020   Code   RO          338    i.initTime          time.o
    0x00001b4c   0x00001b4c   0x00000054   Code   RO          422    i.initUart          uart_1.o
    0x00001ba0   0x00001ba0   0x00000018   Code   RO          510    i.led_B             lights.o
    0x00001bb8   0x00001bb8   0x00000018   Code   RO          511    i.led_F             lights.o
    0x00001bd0   0x00001bd0   0x00000018   Code   RO          512    i.led_L             lights.o
    0x00001be8   0x00001be8   0x00000018   Code   RO          513    i.led_R             lights.o
    0x00001c00   0x00001c00   0x0000039c   Code   RO            7    i.main              main.o
    0x00001f9c   0x00001f9c   0x0000001a   Code   RO          167    i.mapf              mat.o
    0x00001fb6   0x00001fb6   0x00000002   PAD
    0x00001fb8   0x00001fb8   0x0000000c   Code   RO          339    i.micros            time.o
    0x00001fc4   0x00001fc4   0x000002a4   Code   RO          263    i.ratePID           pid.o
    0x00002268   0x00002268   0x0000005c   Code   RO          444    i.readI2C           i2c_1.o
    0x000022c4   0x000022c4   0x000002e4   Code   RO          196    i.readMPU           mpu.o
    0x000025a8   0x000025a8   0x000002f8   Code   RO          264    i.stabilizePID      pid.o
    0x000028a0   0x000028a0   0x0000004c   Code   RO          445    i.writeI2C          i2c_1.o
    0x000028ec   0x000028ec   0x00000040   Code   RO          471    i.writeMotorB       pwm_1.o
    0x0000292c   0x0000292c   0x00000040   Code   RO          472    i.writeMotorF       pwm_1.o
    0x0000296c   0x0000296c   0x00000040   Code   RO          473    i.writeMotorL       pwm_1.o
    0x000029ac   0x000029ac   0x00000040   Code   RO          474    i.writeMotorR       pwm_1.o
    0x000029ec   0x000029ec   0x00000018   Code   RO         6577    x$fpl$basic         fz_wm.l(basic.o)
    0x00002a04   0x00002a04   0x00000062   Code   RO         6540    x$fpl$d2f           fz_wm.l(d2f.o)
    0x00002a66   0x00002a66   0x00000002   PAD
    0x00002a68   0x00002a68   0x00000150   Code   RO         6542    x$fpl$dadd          fz_wm.l(daddsub_clz.o)
    0x00002bb8   0x00002bb8   0x000002b0   Code   RO         6549    x$fpl$ddiv          fz_wm.l(ddiv.o)
    0x00002e68   0x00002e68   0x0000002e   Code   RO         6553    x$fpl$dflt          fz_wm.l(dflt_clz.o)
    0x00002e96   0x00002e96   0x00000026   Code   RO         6552    x$fpl$dfltu         fz_wm.l(dflt_clz.o)
    0x00002ebc   0x00002ebc   0x00000154   Code   RO         6558    x$fpl$dmul          fz_wm.l(dmul.o)
    0x00003010   0x00003010   0x0000009c   Code   RO         6579    x$fpl$dnaninf       fz_wm.l(dnaninf.o)
    0x000030ac   0x000030ac   0x0000000c   Code   RO         6581    x$fpl$dretinf       fz_wm.l(dretinf.o)
    0x000030b8   0x000030b8   0x00000016   Code   RO         6543    x$fpl$drsb          fz_wm.l(daddsub_clz.o)
    0x000030ce   0x000030ce   0x00000002   PAD
    0x000030d0   0x000030d0   0x000001d4   Code   RO         6544    x$fpl$dsub          fz_wm.l(daddsub_clz.o)
    0x000032a4   0x000032a4   0x00000056   Code   RO         6560    x$fpl$f2d           fz_wm.l(f2d.o)
    0x000032fa   0x000032fa   0x0000008c   Code   RO         6583    x$fpl$fnaninf       fz_wm.l(fnaninf.o)
    0x00003386   0x00003386   0x0000000a   Code   RO         6716    x$fpl$fpinit        fz_wm.l(fpinit.o)
    0x00003390   0x00003390   0x0000000a   Code   RO         6585    x$fpl$fretinf       fz_wm.l(fretinf.o)
    0x0000339a   0x0000339a   0x00000000   Code   RO         6587    x$fpl$usenofp       fz_wm.l(usenofp.o)
    0x0000339a   0x0000339a   0x00000002   PAD
    0x0000339c   0x0000339c   0x0000001c   Data   RO            8    .constdata          main.o
    0x000033b8   0x000033b8   0x00000228   Data   RO         2495    .constdata          gpio.o
    0x000035e0   0x000035e0   0x0000010c   Data   RO         3106    .constdata          interrupt.o
    0x000036ec   0x000036ec   0x00000254   Data   RO         4013    .constdata          sysctl.o
    0x00003940   0x00003940   0x00000098   Data   RO         6591    .constdata          m_wm.l(atan.o)
    0x000039d8   0x000039d8   0x00000008   Data   RO         6622    .constdata          m_wm.l(qnan.o)
    0x000039e0   0x000039e0   0x00000011   Data   RO            9    .conststring        main.o
    0x000039f1   0x000039f1   0x00000003   PAD
    0x000039f4   0x000039f4   0x00000056   Data   RO          198    .conststring        mpu.o
    0x00003a4a   0x00003a4a   0x00000002   PAD
    0x00003a4c   0x00003a4c   0x00000020   Data   RO         6784    Region$$Table       anon$$obj.o


    Execution Region ER_RW (Exec base: 0x20000000, Load base: 0x00003a6c, Size: 0x0000066c, Max: 0xffffffff, ABSOLUTE, COMPRESSED[0x00000030])

    Exec Addr    Load Addr    Size         Type   Attr      Idx    E Section Name        Object

    0x20000000   COMPRESSED   0x00000008   Data   RW           10    .data               main.o
    0x20000008   COMPRESSED   0x00000050   Data   RW          199    .data               mpu.o
    0x20000058   COMPRESSED   0x000000b0   Data   RW          265    .data               pid.o
    0x20000108   COMPRESSED   0x00000018   Data   RW          289    .data               rx.o
    0x20000120   COMPRESSED   0x00000004   Data   RW          341    .data               time.o
    0x20000124   COMPRESSED   0x00000004   Data   RW          475    .data               pwm_1.o
    0x20000128   COMPRESSED   0x000002d8   PAD
    0x20000400   COMPRESSED   0x0000026c   Data   RW         3107    vtable              interrupt.o


    Execution Region ER_ZI (Exec base: 0x2000066c, Load base: 0x00003a9c, Size: 0x000002b4, Max: 0xffffffff, ABSOLUTE)

    Exec Addr    Load Addr    Size         Type   Attr      Idx    E Section Name        Object

    0x2000066c        -       0x00000048   Zero   RW          197    .bss                mpu.o
    0x200006b4        -       0x0000000c   Zero   RW          288    .bss                rx.o
    0x200006c0        -       0x00000060   Zero   RW         6648    .bss                c_w.l(libspace.o)
    0x20000720        -       0x00000000   Zero   RW         6465    HEAP                startup_tm4c123.o
    0x20000720        -       0x00000200   Zero   RW         6464    STACK               startup_tm4c123.o


==============================================================================

Image component sizes


      Code (inc. data)   RO Data    RW Data    ZI Data      Debug   Object Name

        92         22          0          0          0       1413   buzzer.o
        38          0          0          0          0        600   cpu.o
       884         28        552          0          0      11525   gpio.o
       132         14          0          0          0       3941   i2c.o
       268         34          0          0          0       1731   i2c_1.o
       194         24        268        620          0       3493   interrupt.o
       132         34          0          0          0       2335   lights.o
      1562         96         45          8          0      12083   main.o
        56          0          0          0          0       1227   mat.o
      1012        118         86         80         72       7006   mpu.o
      1436         32          0        176          0       4018   pid.o
       124          6          0          0          0       3027   pwm.o
       436        124          0          4          0       2747   pwm_1.o
       448         40          0         24         12       3050   rx.o
       276         24        620          0        512       5448   startup_tm4c123.o
       670         68        596          0          0       5513   sysctl.o
        16          4          0          0          0        489   system_tm4c123.o
        62          0          0          0          0       1943   systick.o
        84         22          0          4          0       1979   time.o
       138          0          0          0          0       2832   uart.o
        84         16          0          0          0        483   uart_1.o

    ----------------------------------------------------------------------
      8160        706       2204       1644        596      76883   Object Totals
         0          0         32          0          0          0   (incl. Generated)
        16          0          5        728          0          0   (incl. Padding)

    ----------------------------------------------------------------------

      Code (inc. data)   RO Data    RW Data    ZI Data      Debug   Library Member Name

        58          0          0          0          0          0   __dczerorl.o
         8          0          0          0          0         68   __main.o
         0          0          0          0          0          0   __rtentry.o
        12          0          0          0          0          0   __rtentry2.o
         6          0          0          0          0          0   __rtentry4.o
        52          8          0          0          0          0   __scatter.o
        28          0          0          0          0          0   __scatter_zi.o
        18          0          0          0          0         80   exit.o
         6          0          0          0          0        152   heapauxi.o
         0          0          0          0          0          0   indicate_semi.o
         2          0          0          0          0          0   libinit.o
         6          0          0          0          0          0   libinit2.o
         2          0          0          0          0          0   libshutdown.o
         2          0          0          0          0          0   libshutdown2.o
         8          4          0          0         96         68   libspace.o
         2          0          0          0          0          0   rtexit.o
        10          0          0          0          0          0   rtexit2.o
        12          4          0          0          0         68   sys_exit.o
        74          0          0          0          0         80   sys_stackheap_outer.o
         2          0          0          0          0         68   use_no_semi.o
        24          0          0          0          0        164   basic.o
        98          4          0          0          0        140   d2f.o
       826         16          0          0          0        492   daddsub_clz.o
       688        140          0          0          0        256   ddiv.o
        84          0          0          0          0        232   dflt_clz.o
       340         12          0          0          0        152   dmul.o
       156          4          0          0          0        140   dnaninf.o
        12          0          0          0          0        116   dretinf.o
        86          4          0          0          0        132   f2d.o
       140          4          0          0          0        132   fnaninf.o
        10          0          0          0          0        116   fpinit.o
        10          0          0          0          0        116   fretinf.o
         0          0          0          0          0          0   usenofp.o
       744        106        152          0          0        352   atan.o
       496         64          0          0          0        192   atan2.o
        72          8          0          0          0        372   dunder.o
        24          0          0          0          0        124   fabs.o
        48          0          0          0          0        124   fpclassify.o
       248          0          0          0          0        152   poly.o
         0          0          8          0          0          0   qnan.o

    ----------------------------------------------------------------------
      4432        378        160          0         96       4088   Library Totals
        18          0          0          0          0          0   (incl. Padding)

    ----------------------------------------------------------------------

      Code (inc. data)   RO Data    RW Data    ZI Data      Debug   Library Name

       308         16          0          0         96        584   c_w.l
      2474        184          0          0          0       2188   fz_wm.l
      1632        178        160          0          0       1316   m_wm.l

    ----------------------------------------------------------------------
      4432        378        160          0         96       4088   Library Totals

    ----------------------------------------------------------------------

==============================================================================


      Code (inc. data)   RO Data    RW Data    ZI Data      Debug   

     12592       1084       2364       1644        692      70115   Grand Totals
     12592       1084       2364         48        692      70115   ELF Image Totals (compressed)
     12592       1084       2364         48          0          0   ROM Totals

==============================================================================

    Total RO  Size (Code + RO Data)                14956 (  14.61kB)
    Total RW  Size (RW Data + ZI Data)              2336 (   2.28kB)
    Total ROM Size (Code + RO Data + RW Data)      15004 (  14.65kB)

==============================================================================

